Component: ARM Compiler 5.06 update 7 (build 960) Tool: armlink [4d3601]

==============================================================================

Section Cross References

    startup_stm32f10x_md.o(RESET) refers to startup_stm32f10x_md.o(STACK) for __initial_sp
    startup_stm32f10x_md.o(RESET) refers to startup_stm32f10x_md.o(.text) for Reset_Handler
    startup_stm32f10x_md.o(RESET) refers to stm32f10x_it.o(i.NMI_Handler) for NMI_Handler
    startup_stm32f10x_md.o(RESET) refers to stm32f10x_it.o(i.HardFault_Handler) for HardFault_Handler
    startup_stm32f10x_md.o(RESET) refers to stm32f10x_it.o(i.MemManage_Handler) for MemManage_Handler
    startup_stm32f10x_md.o(RESET) refers to stm32f10x_it.o(i.BusFault_Handler) for BusFault_Handler
    startup_stm32f10x_md.o(RESET) refers to stm32f10x_it.o(i.UsageFault_Handler) for UsageFault_Handler
    startup_stm32f10x_md.o(RESET) refers to stm32f10x_it.o(i.SVC_Handler) for SVC_Handler
    startup_stm32f10x_md.o(RESET) refers to stm32f10x_it.o(i.DebugMon_Handler) for DebugMon_Handler
    startup_stm32f10x_md.o(RESET) refers to stm32f10x_it.o(i.PendSV_Handler) for PendSV_Handler
    startup_stm32f10x_md.o(RESET) refers to stm32f10x_it.o(i.SysTick_Handler) for SysTick_Handler
    startup_stm32f10x_md.o(RESET) refers to usart.o(i.USART1_IRQHandler) for USART1_IRQHandler
    startup_stm32f10x_md.o(.text) refers to system_stm32f10x.o(i.SystemInit) for SystemInit
    startup_stm32f10x_md.o(.text) refers to entry.o(.ARM.Collect$$$$00000000) for __main
    system_stm32f10x.o(i.SetSysClock) refers to system_stm32f10x.o(i.SetSysClockTo72) for SetSysClockTo72
    system_stm32f10x.o(i.SystemCoreClockUpdate) refers to system_stm32f10x.o(.data) for SystemCoreClock
    system_stm32f10x.o(i.SystemInit) refers to system_stm32f10x.o(i.SetSysClock) for SetSysClock
    stm32f10x_adc.o(i.ADC_DeInit) refers to stm32f10x_rcc.o(i.RCC_APB2PeriphResetCmd) for RCC_APB2PeriphResetCmd
    stm32f10x_bkp.o(i.BKP_DeInit) refers to stm32f10x_rcc.o(i.RCC_BackupResetCmd) for RCC_BackupResetCmd
    stm32f10x_can.o(i.CAN_DeInit) refers to stm32f10x_rcc.o(i.RCC_APB1PeriphResetCmd) for RCC_APB1PeriphResetCmd
    stm32f10x_can.o(i.CAN_GetITStatus) refers to stm32f10x_can.o(i.CheckITStatus) for CheckITStatus
    stm32f10x_cec.o(i.CEC_DeInit) refers to stm32f10x_rcc.o(i.RCC_APB1PeriphResetCmd) for RCC_APB1PeriphResetCmd
    stm32f10x_dac.o(i.DAC_DeInit) refers to stm32f10x_rcc.o(i.RCC_APB1PeriphResetCmd) for RCC_APB1PeriphResetCmd
    stm32f10x_flash.o(i.FLASH_EnableWriteProtection) refers to stm32f10x_flash.o(i.FLASH_WaitForLastOperation) for FLASH_WaitForLastOperation
    stm32f10x_flash.o(i.FLASH_EraseAllBank1Pages) refers to stm32f10x_flash.o(i.FLASH_WaitForLastBank1Operation) for FLASH_WaitForLastBank1Operation
    stm32f10x_flash.o(i.FLASH_EraseAllPages) refers to stm32f10x_flash.o(i.FLASH_WaitForLastOperation) for FLASH_WaitForLastOperation
    stm32f10x_flash.o(i.FLASH_EraseOptionBytes) refers to stm32f10x_flash.o(i.FLASH_GetReadOutProtectionStatus) for FLASH_GetReadOutProtectionStatus
    stm32f10x_flash.o(i.FLASH_EraseOptionBytes) refers to stm32f10x_flash.o(i.FLASH_WaitForLastOperation) for FLASH_WaitForLastOperation
    stm32f10x_flash.o(i.FLASH_ErasePage) refers to stm32f10x_flash.o(i.FLASH_WaitForLastOperation) for FLASH_WaitForLastOperation
    stm32f10x_flash.o(i.FLASH_ProgramHalfWord) refers to stm32f10x_flash.o(i.FLASH_WaitForLastOperation) for FLASH_WaitForLastOperation
    stm32f10x_flash.o(i.FLASH_ProgramOptionByteData) refers to stm32f10x_flash.o(i.FLASH_WaitForLastOperation) for FLASH_WaitForLastOperation
    stm32f10x_flash.o(i.FLASH_ProgramWord) refers to stm32f10x_flash.o(i.FLASH_WaitForLastOperation) for FLASH_WaitForLastOperation
    stm32f10x_flash.o(i.FLASH_ReadOutProtection) refers to stm32f10x_flash.o(i.FLASH_WaitForLastOperation) for FLASH_WaitForLastOperation
    stm32f10x_flash.o(i.FLASH_UserOptionByteConfig) refers to stm32f10x_flash.o(i.FLASH_WaitForLastOperation) for FLASH_WaitForLastOperation
    stm32f10x_flash.o(i.FLASH_WaitForLastBank1Operation) refers to stm32f10x_flash.o(i.FLASH_GetBank1Status) for FLASH_GetBank1Status
    stm32f10x_flash.o(i.FLASH_WaitForLastOperation) refers to stm32f10x_flash.o(i.FLASH_GetBank1Status) for FLASH_GetBank1Status
    stm32f10x_gpio.o(i.GPIO_AFIODeInit) refers to stm32f10x_rcc.o(i.RCC_APB2PeriphResetCmd) for RCC_APB2PeriphResetCmd
    stm32f10x_gpio.o(i.GPIO_DeInit) refers to stm32f10x_rcc.o(i.RCC_APB2PeriphResetCmd) for RCC_APB2PeriphResetCmd
    stm32f10x_i2c.o(i.I2C_DeInit) refers to stm32f10x_rcc.o(i.RCC_APB1PeriphResetCmd) for RCC_APB1PeriphResetCmd
    stm32f10x_i2c.o(i.I2C_Init) refers to stm32f10x_rcc.o(i.RCC_GetClocksFreq) for RCC_GetClocksFreq
    stm32f10x_pwr.o(i.PWR_DeInit) refers to stm32f10x_rcc.o(i.RCC_APB1PeriphResetCmd) for RCC_APB1PeriphResetCmd
    stm32f10x_rcc.o(i.RCC_GetClocksFreq) refers to stm32f10x_rcc.o(.data) for APBAHBPrescTable
[...]
    Removing stm32f10x_bkp.o(i.BKP_TamperPinLevelConfig), (12 bytes).
    Removing stm32f10x_bkp.o(i.BKP_WriteBackupRegister), (28 bytes).
    Removing stm32f10x_can.o(i.CAN_CancelTransmit), (48 bytes).
    Removing stm32f10x_can.o(i.CAN_ClearFlag), (56 bytes).
    Removing stm32f10x_can.o(i.CAN_ClearITPendingBit), (168 bytes).
    Removing stm32f10x_can.o(i.CAN_DBGFreeze), (22 bytes).
    Removing stm32f10x_can.o(i.CAN_DeInit), (56 bytes).
    Removing stm32f10x_can.o(i.CAN_FIFORelease), (22 bytes).
    Removing stm32f10x_can.o(i.CAN_FilterInit), (264 bytes).
    Removing stm32f10x_can.o(i.CAN_GetFlagStatus), (120 bytes).
    Removing stm32f10x_can.o(i.CAN_GetITStatus), (288 bytes).
    Removing stm32f10x_can.o(i.CAN_GetLSBTransmitErrorCounter), (12 bytes).
    Removing stm32f10x_can.o(i.CAN_GetLastErrorCode), (12 bytes).
    Removing stm32f10x_can.o(i.CAN_GetReceiveErrorCounter), (10 bytes).
    Removing stm32f10x_can.o(i.CAN_ITConfig), (18 bytes).
    Removing stm32f10x_can.o(i.CAN_Init), (276 bytes).
    Removing stm32f10x_can.o(i.CAN_MessagePending), (30 bytes).
    Removing stm32f10x_can.o(i.CAN_OperatingModeRequest), (162 bytes).
    Removing stm32f10x_can.o(i.CAN_Receive), (240 bytes).
    Removing stm32f10x_can.o(i.CAN_SlaveStartBank), (52 bytes).
    Removing stm32f10x_can.o(i.CAN_Sleep), (30 bytes).
    Removing stm32f10x_can.o(i.CAN_StructInit), (32 bytes).
    Removing stm32f10x_can.o(i.CAN_TTComModeCmd), (118 bytes).
    Removing stm32f10x_can.o(i.CAN_Transmit), (294 bytes).
    Removing stm32f10x_can.o(i.CAN_TransmitStatus), (160 bytes).
    Removing stm32f10x_can.o(i.CAN_WakeUp), (48 bytes).
    Removing stm32f10x_can.o(i.CheckITStatus), (18 bytes).
    Removing stm32f10x_cec.o(i.CEC_ClearFlag), (36 bytes).
    Removing stm32f10x_cec.o(i.CEC_ClearITPendingBit), (36 bytes).
    Removing stm32f10x_cec.o(i.CEC_Cmd), (32 bytes).
    Removing stm32f10x_cec.o(i.CEC_DeInit), (22 bytes).
    Removing stm32f10x_cec.o(i.CEC_EndOfMessageCmd), (12 bytes).
    Removing stm32f10x_cec.o(i.CEC_GetFlagStatus), (48 bytes).
    Removing stm32f10x_cec.o(i.CEC_GetITStatus), (40 bytes).
    Removing stm32f10x_cec.o(i.CEC_ITConfig), (12 bytes).
    Removing stm32f10x_cec.o(i.CEC_Init), (32 bytes).
    Removing stm32f10x_cec.o(i.CEC_OwnAddressConfig), (12 bytes).
    Removing stm32f10x_cec.o(i.CEC_ReceiveDataByte), (12 bytes).
    Removing stm32f10x_cec.o(i.CEC_SendDataByte), (12 bytes).
    Removing stm32f10x_cec.o(i.CEC_SetPrescaler), (12 bytes).
    Removing stm32f10x_cec.o(i.CEC_StartOfMessage), (12 bytes).
    Removing stm32f10x_crc.o(i.CRC_CalcBlockCRC), (36 bytes).
    Removing stm32f10x_crc.o(i.CRC_CalcCRC), (16 bytes).
    Removing stm32f10x_crc.o(i.CRC_GetCRC), (12 bytes).
    Removing stm32f10x_crc.o(i.CRC_GetIDRegister), (12 bytes).
    Removing stm32f10x_crc.o(i.CRC_ResetDR), (12 bytes).
    Removing stm32f10x_crc.o(i.CRC_SetIDRegister), (12 bytes).
    Removing stm32f10x_dac.o(i.DAC_Cmd), (40 bytes).
    Removing stm32f10x_dac.o(i.DAC_DMACmd), (44 bytes).
    Removing stm32f10x_dac.o(i.DAC_DeInit), (22 bytes).
    Removing stm32f10x_dac.o(i.DAC_DualSoftwareTriggerCmd), (36 bytes).
    Removing stm32f10x_dac.o(i.DAC_GetDataOutputValue), (36 bytes).
    Removing stm32f10x_dac.o(i.DAC_Init), (52 bytes).
    Removing stm32f10x_dac.o(i.DAC_SetChannel1Data), (32 bytes).
    Removing stm32f10x_dac.o(i.DAC_SetChannel2Data), (32 bytes).
    Removing stm32f10x_dac.o(i.DAC_SetDualChannelData), (36 bytes).
    Removing stm32f10x_dac.o(i.DAC_SoftwareTriggerCmd), (44 bytes).
    Removing stm32f10x_dac.o(i.DAC_StructInit), (12 bytes).
    Removing stm32f10x_dac.o(i.DAC_WaveGenerationCmd), (40 bytes).
    Removing stm32f10x_dbgmcu.o(i.DBGMCU_Config), (32 bytes).
    Removing stm32f10x_dbgmcu.o(i.DBGMCU_GetDEVID), (16 bytes).
    Removing stm32f10x_dbgmcu.o(i.DBGMCU_GetREVID), (12 bytes).
    Removing stm32f10x_dma.o(i.DMA_ClearFlag), (28 bytes).
    Removing stm32f10x_dma.o(i.DMA_ClearITPendingBit), (28 bytes).
    Removing stm32f10x_dma.o(i.DMA_Cmd), (24 bytes).
    Removing stm32f10x_dma.o(i.DMA_DeInit), (332 bytes).
    Removing stm32f10x_dma.o(i.DMA_GetCurrDataCounter), (8 bytes).
    Removing stm32f10x_dma.o(i.DMA_GetFlagStatus), (44 bytes).
    Removing stm32f10x_dma.o(i.DMA_GetITStatus), (44 bytes).
    Removing stm32f10x_dma.o(i.DMA_ITConfig), (18 bytes).
    Removing stm32f10x_dma.o(i.DMA_Init), (60 bytes).
    Removing stm32f10x_dma.o(i.DMA_SetCurrDataCounter), (4 bytes).
    Removing stm32f10x_dma.o(i.DMA_StructInit), (26 bytes).
    Removing stm32f10x_exti.o(i.EXTI_ClearFlag), (12 bytes).
    Removing stm32f10x_exti.o(i.EXTI_ClearITPendingBit), (12 bytes).
    Removing stm32f10x_exti.o(i.EXTI_DeInit), (36 bytes).
    Removing stm32f10x_exti.o(i.EXTI_GenerateSWInterrupt), (16 bytes).
    Removing stm32f10x_exti.o(i.EXTI_GetFlagStatus), (24 bytes).
    Removing stm32f10x_exti.o(i.EXTI_GetITStatus), (40 bytes).
    Removing stm32f10x_exti.o(i.EXTI_Init), (148 bytes).
    Removing stm32f10x_exti.o(i.EXTI_StructInit), (16 bytes).
    Removing stm32f10x_flash.o(i.FLASH_ClearFlag), (12 bytes).
    Removing stm32f10x_flash.o(i.FLASH_EnableWriteProtection), (196 bytes).
    Removing stm32f10x_flash.o(i.FLASH_EraseAllBank1Pages), (72 bytes).
    Removing stm32f10x_flash.o(i.FLASH_EraseAllPages), (72 bytes).
    Removing stm32f10x_flash.o(i.FLASH_EraseOptionBytes), (168 bytes).
    Removing stm32f10x_flash.o(i.FLASH_ErasePage), (76 bytes).
    Removing stm32f10x_flash.o(i.FLASH_GetBank1Status), (52 bytes).
    Removing stm32f10x_flash.o(i.FLASH_GetFlagStatus), (48 bytes).
    Removing stm32f10x_flash.o(i.FLASH_GetPrefetchBufferStatus), (24 bytes).
    Removing stm32f10x_flash.o(i.FLASH_GetReadOutProtectionStatus), (24 bytes).
    Removing stm32f10x_flash.o(i.FLASH_GetStatus), (52 bytes).
    Removing stm32f10x_flash.o(i.FLASH_GetUserOptionByte), (12 bytes).
    Removing stm32f10x_flash.o(i.FLASH_GetWriteProtectionOptionByte), (12 bytes).
    Removing stm32f10x_flash.o(i.FLASH_HalfCycleAccessCmd), (28 bytes).
    Removing stm32f10x_flash.o(i.FLASH_ITConfig), (32 bytes).
    Removing stm32f10x_flash.o(i.FLASH_Lock), (20 bytes).
    Removing stm32f10x_flash.o(i.FLASH_LockBank1), (20 bytes).
    Removing stm32f10x_flash.o(i.FLASH_PrefetchBufferCmd), (28 bytes).
    Removing stm32f10x_flash.o(i.FLASH_ProgramHalfWord), (64 bytes).
    Removing stm32f10x_flash.o(i.FLASH_ProgramOptionByteData), (84 bytes).
    Removing stm32f10x_flash.o(i.FLASH_ProgramWord), (108 bytes).
    Removing stm32f10x_flash.o(i.FLASH_ReadOutProtection), (172 bytes).
    Removing stm32f10x_flash.o(i.FLASH_SetLatency), (24 bytes).
    Removing stm32f10x_flash.o(i.FLASH_Unlock), (24 bytes).
    Removing stm32f10x_flash.o(i.FLASH_UnlockBank1), (24 bytes).
    Removing stm32f10x_flash.o(i.FLASH_UserOptionByteConfig), (104 bytes).
    Removing stm32f10x_flash.o(i.FLASH_WaitForLastBank1Operation), (38 bytes).
    Removing stm32f10x_flash.o(i.FLASH_WaitForLastOperation), (38 bytes).
    Removing stm32f10x_fsmc.o(i.FSMC_ClearFlag), (64 bytes).
    Removing stm32f10x_fsmc.o(i.FSMC_ClearITPendingBit), (72 bytes).
    Removing stm32f10x_fsmc.o(i.FSMC_GetECC), (28 bytes).
    Removing stm32f10x_fsmc.o(i.FSMC_GetFlagStatus), (56 bytes).
    Removing stm32f10x_fsmc.o(i.FSMC_GetITStatus), (68 bytes).
    Removing stm32f10x_fsmc.o(i.FSMC_ITConfig), (128 bytes).
    Removing stm32f10x_fsmc.o(i.FSMC_NANDCmd), (92 bytes).
    Removing stm32f10x_fsmc.o(i.FSMC_NANDDeInit), (68 bytes).
    Removing stm32f10x_fsmc.o(i.FSMC_NANDECCCmd), (92 bytes).
    Removing stm32f10x_fsmc.o(i.FSMC_NANDInit), (136 bytes).
    Removing stm32f10x_fsmc.o(i.FSMC_NANDStructInit), (54 bytes).
    Removing stm32f10x_fsmc.o(i.FSMC_NORSRAMCmd), (52 bytes).
    Removing stm32f10x_fsmc.o(i.FSMC_NORSRAMDeInit), (54 bytes).
    Removing stm32f10x_fsmc.o(i.FSMC_NORSRAMInit), (230 bytes).
    Removing stm32f10x_fsmc.o(i.FSMC_NORSRAMStructInit), (114 bytes).
    Removing stm32f10x_fsmc.o(i.FSMC_PCCARDCmd), (48 bytes).
    Removing stm32f10x_fsmc.o(i.FSMC_PCCARDDeInit), (40 bytes).
    Removing stm32f10x_fsmc.o(i.FSMC_PCCARDInit), (132 bytes).
    Removing stm32f10x_fsmc.o(i.FSMC_PCCARDStructInit), (60 bytes).
    Removing stm32f10x_gpio.o(i.GPIO_AFIODeInit), (20 bytes).
    Removing stm32f10x_gpio.o(i.GPIO_DeInit), (200 bytes).
    Removing stm32f10x_gpio.o(i.GPIO_ETH_MediaInterfaceConfig), (12 bytes).
    Removing stm32f10x_gpio.o(i.GPIO_EXTILineConfig), (64 bytes).
    Removing stm32f10x_gpio.o(i.GPIO_EventOutputCmd), (12 bytes).
    Removing stm32f10x_gpio.o(i.GPIO_EventOutputConfig), (32 bytes).
    Removing stm32f10x_gpio.o(i.GPIO_PinLockConfig), (18 bytes).
    Removing stm32f10x_gpio.o(i.GPIO_PinRemapConfig), (144 bytes).
    Removing stm32f10x_gpio.o(i.GPIO_ReadInputData), (8 bytes).
    Removing stm32f10x_gpio.o(i.GPIO_ReadOutputData), (8 bytes).
    Removing stm32f10x_gpio.o(i.GPIO_ReadOutputDataBit), (18 bytes).
    Removing stm32f10x_gpio.o(i.GPIO_StructInit), (16 bytes).
    Removing stm32f10x_gpio.o(i.GPIO_Write), (4 bytes).
    Removing stm32f10x_gpio.o(i.GPIO_WriteBit), (10 bytes).
    Removing stm32f10x_i2c.o(i.I2C_ARPCmd), (24 bytes).
    Removing stm32f10x_i2c.o(i.I2C_AcknowledgeConfig), (24 bytes).
    Removing stm32f10x_i2c.o(i.I2C_CalculatePEC), (24 bytes).
    Removing stm32f10x_i2c.o(i.I2C_CheckEvent), (42 bytes).
    Removing stm32f10x_i2c.o(i.I2C_ClearFlag), (12 bytes).
    Removing stm32f10x_i2c.o(i.I2C_ClearITPendingBit), (12 bytes).
    Removing stm32f10x_i2c.o(i.I2C_Cmd), (24 bytes).
    Removing stm32f10x_i2c.o(i.I2C_DMACmd), (24 bytes).
    Removing stm32f10x_i2c.o(i.I2C_DMALastTransferCmd), (24 bytes).
    Removing stm32f10x_i2c.o(i.I2C_DeInit), (56 bytes).
    Removing stm32f10x_i2c.o(i.I2C_DualAddressCmd), (24 bytes).
    Removing stm32f10x_i2c.o(i.I2C_FastModeDutyCycleConfig), (28 bytes).
    Removing stm32f10x_i2c.o(i.I2C_GeneralCallCmd), (24 bytes).
    Removing stm32f10x_i2c.o(i.I2C_GenerateSTART), (24 bytes).
    Removing stm32f10x_i2c.o(i.I2C_GenerateSTOP), (24 bytes).
    Removing stm32f10x_i2c.o(i.I2C_GetFlagStatus), (58 bytes).
    Removing stm32f10x_i2c.o(i.I2C_GetITStatus), (38 bytes).
    Removing stm32f10x_i2c.o(i.I2C_GetLastEvent), (26 bytes).
    Removing stm32f10x_i2c.o(i.I2C_GetPEC), (8 bytes).
    Removing stm32f10x_i2c.o(i.I2C_ITConfig), (18 bytes).
    Removing stm32f10x_i2c.o(i.I2C_Init), (236 bytes).
    Removing stm32f10x_i2c.o(i.I2C_NACKPositionConfig), (28 bytes).
    Removing stm32f10x_i2c.o(i.I2C_OwnAddress2Config), (22 bytes).
    Removing stm32f10x_i2c.o(i.I2C_PECPositionConfig), (28 bytes).
    Removing stm32f10x_i2c.o(i.I2C_ReadRegister), (22 bytes).
    Removing stm32f10x_i2c.o(i.I2C_ReceiveData), (8 bytes).
    Removing stm32f10x_i2c.o(i.I2C_SMBusAlertConfig), (28 bytes).
    Removing stm32f10x_i2c.o(i.I2C_Send7bitAddress), (18 bytes).
    Removing stm32f10x_i2c.o(i.I2C_SendData), (4 bytes).
    Removing stm32f10x_i2c.o(i.I2C_SoftwareResetCmd), (22 bytes).
    Removing stm32f10x_i2c.o(i.I2C_StretchClockCmd), (24 bytes).
    Removing stm32f10x_i2c.o(i.I2C_StructInit), (30 bytes).
    Removing stm32f10x_i2c.o(i.I2C_TransmitPEC), (24 bytes).
    Removing stm32f10x_iwdg.o(i.IWDG_Enable), (16 bytes).
    Removing stm32f10x_iwdg.o(i.IWDG_GetFlagStatus), (24 bytes).
    Removing stm32f10x_iwdg.o(i.IWDG_ReloadCounter), (16 bytes).
    Removing stm32f10x_iwdg.o(i.IWDG_SetPrescaler), (12 bytes).
    Removing stm32f10x_iwdg.o(i.IWDG_SetReload), (12 bytes).
    Removing stm32f10x_iwdg.o(i.IWDG_WriteAccessCmd), (12 bytes).
    Removing stm32f10x_pwr.o(i.PWR_BackupAccessCmd), (12 bytes).
    Removing stm32f10x_pwr.o(i.PWR_ClearFlag), (20 bytes).
    Removing stm32f10x_pwr.o(i.PWR_DeInit), (22 bytes).
    Removing stm32f10x_pwr.o(i.PWR_EnterSTANDBYMode), (52 bytes).
    Removing stm32f10x_pwr.o(i.PWR_EnterSTOPMode), (64 bytes).
    Removing stm32f10x_pwr.o(i.PWR_GetFlagStatus), (24 bytes).
    Removing stm32f10x_pwr.o(i.PWR_PVDCmd), (12 bytes).
    Removing stm32f10x_pwr.o(i.PWR_PVDLevelConfig), (24 bytes).
    Removing stm32f10x_pwr.o(i.PWR_WakeUpPinCmd), (12 bytes).
    Removing stm32f10x_rcc.o(i.RCC_ADCCLKConfig), (24 bytes).
    Removing stm32f10x_rcc.o(i.RCC_AHBPeriphClockCmd), (32 bytes).
    Removing stm32f10x_rcc.o(i.RCC_APB1PeriphResetCmd), (32 bytes).
    Removing stm32f10x_rcc.o(i.RCC_APB2PeriphResetCmd), (32 bytes).
    Removing stm32f10x_rcc.o(i.RCC_AdjustHSICalibrationValue), (24 bytes).
    Removing stm32f10x_rcc.o(i.RCC_BackupResetCmd), (12 bytes).
    Removing stm32f10x_rcc.o(i.RCC_ClearFlag), (20 bytes).
    Removing stm32f10x_rcc.o(i.RCC_ClearITPendingBit), (12 bytes).
    Removing stm32f10x_rcc.o(i.RCC_ClockSecuritySystemCmd), (12 bytes).
    Removing stm32f10x_rcc.o(i.RCC_DeInit), (76 bytes).
    Removing stm32f10x_rcc.o(i.RCC_GetClocksFreq), (212 bytes).
    Removing stm32f10x_rcc.o(i.RCC_GetFlagStatus), (60 bytes).
    Removing stm32f10x_rcc.o(i.RCC_GetITStatus), (24 bytes).
    Removing stm32f10x_rcc.o(i.RCC_GetSYSCLKSource), (16 bytes).
    Removing stm32f10x_rcc.o(i.RCC_HCLKConfig), (24 bytes).
    Removing stm32f10x_rcc.o(i.RCC_HSEConfig), (76 bytes).
    Removing stm32f10x_rcc.o(i.RCC_HSICmd), (12 bytes).
    Removing stm32f10x_rcc.o(i.RCC_ITConfig), (32 bytes).
    Removing stm32f10x_rcc.o(i.RCC_LSEConfig), (52 bytes).
    Removing stm32f10x_rcc.o(i.RCC_LSICmd), (12 bytes).
    Removing stm32f10x_rcc.o(i.RCC_MCOConfig), (12 bytes).
    Removing stm32f10x_rcc.o(i.RCC_PCLK1Config), (24 bytes).
    Removing stm32f10x_rcc.o(i.RCC_PCLK2Config), (24 bytes).
    Removing stm32f10x_rcc.o(i.RCC_PLLCmd), (12 bytes).
    Removing stm32f10x_rcc.o(i.RCC_PLLConfig), (28 bytes).
    Removing stm32f10x_rcc.o(i.RCC_RTCCLKCmd), (12 bytes).
    Removing stm32f10x_rcc.o(i.RCC_RTCCLKConfig), (16 bytes).
    Removing stm32f10x_rcc.o(i.RCC_SYSCLKConfig), (24 bytes).
    Removing stm32f10x_rcc.o(i.RCC_USBCLKConfig), (12 bytes).
    Removing stm32f10x_rcc.o(i.RCC_WaitForHSEStartUp), (56 bytes).
    Removing stm32f10x_rcc.o(.data), (20 bytes).
    Removing stm32f10x_rtc.o(i.RTC_ClearFlag), (16 bytes).
    Removing stm32f10x_rtc.o(i.RTC_ClearITPendingBit), (16 bytes).
    Removing stm32f10x_rtc.o(i.RTC_EnterConfigMode), (20 bytes).
    Removing stm32f10x_rtc.o(i.RTC_ExitConfigMode), (20 bytes).
    Removing stm32f10x_rtc.o(i.RTC_GetCounter), (20 bytes).
    Removing stm32f10x_rtc.o(i.RTC_GetDivider), (24 bytes).
    Removing stm32f10x_rtc.o(i.RTC_GetFlagStatus), (24 bytes).
    Removing stm32f10x_rtc.o(i.RTC_GetITStatus), (36 bytes).
    Removing stm32f10x_rtc.o(i.RTC_ITConfig), (32 bytes).
    Removing stm32f10x_rtc.o(i.RTC_SetAlarm), (28 bytes).
    Removing stm32f10x_rtc.o(i.RTC_SetCounter), (28 bytes).
    Removing stm32f10x_rtc.o(i.RTC_SetPrescaler), (32 bytes).
    Removing stm32f10x_rtc.o(i.RTC_WaitForLastTask), (20 bytes).
    Removing stm32f10x_rtc.o(i.RTC_WaitForSynchro), (36 bytes).
    Removing stm32f10x_sdio.o(i.SDIO_CEATAITCmd), (16 bytes).
    Removing stm32f10x_sdio.o(i.SDIO_ClearFlag), (12 bytes).
    Removing stm32f10x_sdio.o(i.SDIO_ClearITPendingBit), (12 bytes).
    Removing stm32f10x_sdio.o(i.SDIO_ClockCmd), (12 bytes).
    Removing stm32f10x_sdio.o(i.SDIO_CmdStructInit), (14 bytes).
    Removing stm32f10x_sdio.o(i.SDIO_CommandCompletionCmd), (12 bytes).
    Removing stm32f10x_sdio.o(i.SDIO_DMACmd), (12 bytes).
    Removing stm32f10x_sdio.o(i.SDIO_DataConfig), (48 bytes).
    Removing stm32f10x_sdio.o(i.SDIO_DataStructInit), (20 bytes).
    Removing stm32f10x_sdio.o(i.SDIO_DeInit), (36 bytes).
    Removing stm32f10x_sdio.o(i.SDIO_GetCommandResponse), (12 bytes).
    Removing stm32f10x_sdio.o(i.SDIO_GetDataCounter), (12 bytes).
    Removing stm32f10x_sdio.o(i.SDIO_GetFIFOCount), (12 bytes).
    Removing stm32f10x_sdio.o(i.SDIO_GetFlagStatus), (24 bytes).
    Removing stm32f10x_sdio.o(i.SDIO_GetITStatus), (24 bytes).
    Removing stm32f10x_sdio.o(i.SDIO_GetPowerState), (16 bytes).
    Removing stm32f10x_sdio.o(i.SDIO_GetResponse), (24 bytes).
    Removing stm32f10x_sdio.o(i.SDIO_ITConfig), (32 bytes).
    Removing stm32f10x_sdio.o(i.SDIO_Init), (48 bytes).
    Removing stm32f10x_sdio.o(i.SDIO_ReadData), (12 bytes).
    Removing stm32f10x_sdio.o(i.SDIO_SendCEATACmd), (12 bytes).
    Removing stm32f10x_sdio.o(i.SDIO_SendCommand), (44 bytes).
    Removing stm32f10x_sdio.o(i.SDIO_SendSDIOSuspendCmd), (12 bytes).
    Removing stm32f10x_sdio.o(i.SDIO_SetPowerState), (28 bytes).
    Removing stm32f10x_sdio.o(i.SDIO_SetSDIOOperation), (12 bytes).
    Removing stm32f10x_sdio.o(i.SDIO_SetSDIOReadWaitMode), (12 bytes).
    Removing stm32f10x_sdio.o(i.SDIO_StartSDIOReadWait), (12 bytes).
    Removing stm32f10x_sdio.o(i.SDIO_StopSDIOReadWait), (12 bytes).
    Removing stm32f10x_sdio.o(i.SDIO_StructInit), (16 bytes).
    Removing stm32f10x_sdio.o(i.SDIO_WriteData), (12 bytes).
    Removing stm32f10x_spi.o(i.I2S_Cmd), (24 bytes).
    Removing stm32f10x_spi.o(i.I2S_Init), (232 bytes).
    Removing stm32f10x_spi.o(i.I2S_StructInit), (20 bytes).
    Removing stm32f10x_spi.o(i.SPI_BiDirectionalLineConfig), (28 bytes).
    Removing stm32f10x_spi.o(i.SPI_CalculateCRC), (24 bytes).
    Removing stm32f10x_spi.o(i.SPI_Cmd), (24 bytes).
    Removing stm32f10x_spi.o(i.SPI_DataSizeConfig), (18 bytes).
    Removing stm32f10x_spi.o(i.SPI_GetCRC), (16 bytes).
    Removing stm32f10x_spi.o(i.SPI_GetCRCPolynomial), (6 bytes).
    Removing stm32f10x_spi.o(i.SPI_I2S_ClearFlag), (6 bytes).
    Removing stm32f10x_spi.o(i.SPI_I2S_ClearITPendingBit), (20 bytes).
    Removing stm32f10x_spi.o(i.SPI_I2S_DMACmd), (18 bytes).
    Removing stm32f10x_spi.o(i.SPI_I2S_DeInit), (88 bytes).
    Removing stm32f10x_spi.o(i.SPI_I2S_GetFlagStatus), (18 bytes).
    Removing stm32f10x_spi.o(i.SPI_I2S_GetITStatus), (52 bytes).
    Removing stm32f10x_spi.o(i.SPI_I2S_ITConfig), (32 bytes).
    Removing stm32f10x_spi.o(i.SPI_I2S_ReceiveData), (6 bytes).
    Removing stm32f10x_spi.o(i.SPI_I2S_SendData), (4 bytes).
    Removing stm32f10x_spi.o(i.SPI_Init), (60 bytes).
    Removing stm32f10x_spi.o(i.SPI_NSSInternalSoftwareConfig), (30 bytes).
    Removing stm32f10x_spi.o(i.SPI_SSOutputCmd), (24 bytes).
    Removing stm32f10x_spi.o(i.SPI_StructInit), (24 bytes).
    Removing stm32f10x_spi.o(i.SPI_TransmitCRC), (10 bytes).
    Removing stm32f10x_tim.o(i.TI1_Config), (128 bytes).
    Removing stm32f10x_tim.o(i.TI2_Config), (152 bytes).
    Removing stm32f10x_tim.o(i.TI3_Config), (144 bytes).
    Removing stm32f10x_tim.o(i.TI4_Config), (152 bytes).
    Removing stm32f10x_tim.o(i.TIM_ARRPreloadConfig), (24 bytes).
    Removing stm32f10x_tim.o(i.TIM_BDTRConfig), (32 bytes).
    Removing stm32f10x_tim.o(i.TIM_BDTRStructInit), (18 bytes).
    Removing stm32f10x_tim.o(i.TIM_CCPreloadControl), (24 bytes).
    Removing stm32f10x_tim.o(i.TIM_CCxCmd), (30 bytes).
    Removing stm32f10x_tim.o(i.TIM_CCxNCmd), (30 bytes).
    Removing stm32f10x_tim.o(i.TIM_ClearFlag), (6 bytes).
    Removing stm32f10x_tim.o(i.TIM_ClearITPendingBit), (6 bytes).
    Removing stm32f10x_tim.o(i.TIM_ClearOC1Ref), (18 bytes).
    Removing stm32f10x_tim.o(i.TIM_ClearOC2Ref), (24 bytes).
    Removing stm32f10x_tim.o(i.TIM_ClearOC3Ref), (18 bytes).
    Removing stm32f10x_tim.o(i.TIM_ClearOC4Ref), (24 bytes).
    Removing stm32f10x_tim.o(i.TIM_CounterModeConfig), (18 bytes).
    Removing stm32f10x_tim.o(i.TIM_CtrlPWMOutputs), (30 bytes).
    Removing stm32f10x_tim.o(i.TIM_DMACmd), (18 bytes).
    Removing stm32f10x_tim.o(i.TIM_DMAConfig), (10 bytes).
    Removing stm32f10x_tim.o(i.TIM_DeInit), (488 bytes).
    Removing stm32f10x_tim.o(i.TIM_ETRClockMode1Config), (54 bytes).
    Removing stm32f10x_tim.o(i.TIM_ETRClockMode2Config), (32 bytes).
    Removing stm32f10x_tim.o(i.TIM_ETRConfig), (28 bytes).
    Removing stm32f10x_tim.o(i.TIM_EncoderInterfaceConfig), (66 bytes).
    Removing stm32f10x_tim.o(i.TIM_ForcedOC1Config), (18 bytes).
    Removing stm32f10x_tim.o(i.TIM_ForcedOC2Config), (26 bytes).
    Removing stm32f10x_tim.o(i.TIM_ForcedOC3Config), (18 bytes).
    Removing stm32f10x_tim.o(i.TIM_ForcedOC4Config), (26 bytes).
    Removing stm32f10x_tim.o(i.TIM_GenerateEvent), (4 bytes).
    Removing stm32f10x_tim.o(i.TIM_GetCapture1), (6 bytes).
    Removing stm32f10x_tim.o(i.TIM_GetCapture2), (6 bytes).
    Removing stm32f10x_tim.o(i.TIM_GetCapture3), (6 bytes).
    Removing stm32f10x_tim.o(i.TIM_GetCapture4), (8 bytes).
    Removing stm32f10x_tim.o(i.TIM_GetCounter), (6 bytes).
    Removing stm32f10x_tim.o(i.TIM_GetFlagStatus), (18 bytes).
    Removing stm32f10x_tim.o(i.TIM_GetITStatus), (34 bytes).
    Removing stm32f10x_tim.o(i.TIM_GetPrescaler), (6 bytes).
    Removing stm32f10x_tim.o(i.TIM_ICInit), (172 bytes).
    Removing stm32f10x_tim.o(i.TIM_ICStructInit), (18 bytes).
    Removing stm32f10x_tim.o(i.TIM_ITConfig), (18 bytes).
    Removing stm32f10x_tim.o(i.TIM_ITRxExternalClockConfig), (24 bytes).
    Removing stm32f10x_tim.o(i.TIM_InternalClockConfig), (12 bytes).
    Removing stm32f10x_tim.o(i.TIM_OC1FastConfig), (18 bytes).
    Removing stm32f10x_tim.o(i.TIM_OC1Init), (152 bytes).
    Removing stm32f10x_tim.o(i.TIM_OC1NPolarityConfig), (18 bytes).
    Removing stm32f10x_tim.o(i.TIM_OC1PolarityConfig), (18 bytes).
    Removing stm32f10x_tim.o(i.TIM_OC1PreloadConfig), (18 bytes).
    Removing stm32f10x_tim.o(i.TIM_OC2FastConfig), (26 bytes).
    Removing stm32f10x_tim.o(i.TIM_OC2Init), (164 bytes).
    Removing stm32f10x_tim.o(i.TIM_OC2NPolarityConfig), (26 bytes).
    Removing stm32f10x_tim.o(i.TIM_OC2PolarityConfig), (26 bytes).
    Removing stm32f10x_tim.o(i.TIM_OC2PreloadConfig), (26 bytes).
    Removing stm32f10x_tim.o(i.TIM_OC3FastConfig), (18 bytes).
    Removing stm32f10x_tim.o(i.TIM_OC3NPolarityConfig), (26 bytes).
    Removing stm32f10x_tim.o(i.TIM_OC3PolarityConfig), (26 bytes).
    Removing stm32f10x_tim.o(i.TIM_OC3PreloadConfig), (18 bytes).
    Removing stm32f10x_tim.o(i.TIM_OC4FastConfig), (26 bytes).
    Removing stm32f10x_tim.o(i.TIM_OC4Init), (124 bytes).
    Removing stm32f10x_tim.o(i.TIM_OC4PolarityConfig), (26 bytes).
    Removing stm32f10x_tim.o(i.TIM_OC4PreloadConfig), (26 bytes).
    Removing stm32f10x_tim.o(i.TIM_OCStructInit), (20 bytes).
    Removing stm32f10x_tim.o(i.TIM_PWMIConfig), (124 bytes).
    Removing stm32f10x_tim.o(i.TIM_PrescalerConfig), (6 bytes).
    Removing stm32f10x_tim.o(i.TIM_SelectCCDMA), (24 bytes).
    Removing stm32f10x_tim.o(i.TIM_SelectCOM), (24 bytes).
    Removing stm32f10x_tim.o(i.TIM_SelectHallSensor), (24 bytes).
    Removing stm32f10x_tim.o(i.TIM_SelectInputTrigger), (18 bytes).
    Removing stm32f10x_tim.o(i.TIM_SelectMasterSlaveMode), (18 bytes).
    Removing stm32f10x_tim.o(i.TIM_SelectOCxM), (82 bytes).
    Removing stm32f10x_tim.o(i.TIM_SelectOnePulseMode), (18 bytes).
    Removing stm32f10x_tim.o(i.TIM_SelectOutputTrigger), (18 bytes).
    Removing stm32f10x_tim.o(i.TIM_SelectSlaveMode), (18 bytes).
    Removing stm32f10x_tim.o(i.TIM_SetAutoreload), (4 bytes).
    Removing stm32f10x_tim.o(i.TIM_SetClockDivision), (18 bytes).
    Removing stm32f10x_tim.o(i.TIM_SetCompare1), (4 bytes).
    Removing stm32f10x_tim.o(i.TIM_SetCompare2), (4 bytes).
    Removing stm32f10x_tim.o(i.TIM_SetCompare3), (4 bytes).
    Removing stm32f10x_tim.o(i.TIM_SetCompare4), (6 bytes).
    Removing stm32f10x_tim.o(i.TIM_SetCounter), (4 bytes).
    Removing stm32f10x_tim.o(i.TIM_SetIC1Prescaler), (18 bytes).
    Removing stm32f10x_tim.o(i.TIM_SetIC2Prescaler), (26 bytes).
    Removing stm32f10x_tim.o(i.TIM_SetIC3Prescaler), (18 bytes).
    Removing stm32f10x_tim.o(i.TIM_SetIC4Prescaler), (26 bytes).
    Removing stm32f10x_tim.o(i.TIM_TIxExternalClockConfig), (62 bytes).
    Removing stm32f10x_tim.o(i.TIM_TimeBaseStructInit), (18 bytes).
    Removing stm32f10x_tim.o(i.TIM_UpdateDisableConfig), (24 bytes).
    Removing stm32f10x_tim.o(i.TIM_UpdateRequestConfig), (24 bytes).
    Removing stm32f10x_usart.o(i.USART_ClearFlag), (18 bytes).
    Removing stm32f10x_usart.o(i.USART_ClearITPendingBit), (30 bytes).
    Removing stm32f10x_usart.o(i.USART_ClockInit), (34 bytes).
    Removing stm32f10x_usart.o(i.USART_ClockStructInit), (12 bytes).
    Removing stm32f10x_usart.o(i.USART_Cmd), (24 bytes).
    Removing stm32f10x_usart.o(i.USART_DMACmd), (18 bytes).
    Removing stm32f10x_usart.o(i.USART_DeInit), (156 bytes).
    Removing stm32f10x_usart.o(i.USART_GetFlagStatus), (26 bytes).
    Removing stm32f10x_usart.o(i.USART_HalfDuplexCmd), (24 bytes).
    Removing stm32f10x_usart.o(i.USART_ITConfig), (74 bytes).
    Removing stm32f10x_usart.o(i.USART_Init), (216 bytes).
    Removing stm32f10x_usart.o(i.USART_IrDACmd), (24 bytes).
    Removing stm32f10x_usart.o(i.USART_IrDAConfig), (18 bytes).
    Removing stm32f10x_usart.o(i.USART_LINBreakDetectLengthConfig), (18 bytes).
    Removing stm32f10x_usart.o(i.USART_LINCmd), (24 bytes).
    Removing stm32f10x_usart.o(i.USART_OneBitMethodCmd), (24 bytes).
    Removing stm32f10x_usart.o(i.USART_OverSampling8Cmd), (22 bytes).
    Removing stm32f10x_usart.o(i.USART_ReceiverWakeUpCmd), (24 bytes).
    Removing stm32f10x_usart.o(i.USART_SendBreak), (10 bytes).
    Removing stm32f10x_usart.o(i.USART_SendData), (8 bytes).
    Removing stm32f10x_usart.o(i.USART_SetAddress), (18 bytes).
    Removing stm32f10x_usart.o(i.USART_SetGuardTime), (16 bytes).
    Removing stm32f10x_usart.o(i.USART_SetPrescaler), (16 bytes).
    Removing stm32f10x_usart.o(i.USART_SmartCardCmd), (24 bytes).
    Removing stm32f10x_usart.o(i.USART_SmartCardNACKCmd), (24 bytes).
    Removing stm32f10x_usart.o(i.USART_StructInit), (24 bytes).
    Removing stm32f10x_usart.o(i.USART_WakeUpConfig), (18 bytes).
    Removing stm32f10x_wwdg.o(i.WWDG_ClearFlag), (12 bytes).
    Removing stm32f10x_wwdg.o(i.WWDG_DeInit), (22 bytes).
    Removing stm32f10x_wwdg.o(i.WWDG_Enable), (16 bytes).
    Removing stm32f10x_wwdg.o(i.WWDG_EnableIT), (12 bytes).
    Removing stm32f10x_wwdg.o(i.WWDG_GetFlagStatus), (12 bytes).
    Removing stm32f10x_wwdg.o(i.WWDG_SetCounter), (16 bytes).
    Removing stm32f10x_wwdg.o(i.WWDG_SetPrescaler), (24 bytes).
    Removing stm32f10x_wwdg.o(i.WWDG_SetWindowValue), (40 bytes).
    Removing buzzer.o(i.Buzzer_Beep), (20 bytes).
    Removing led.o(i.LED_Init), (300 bytes).
    Removing led.o(i.LED_Write_Data), (68 bytes).
    Removing oled.o(i.IIC_Ack), (56 bytes).
    Removing oled.o(i.IIC_NAck), (56 bytes).
    Removing oled.o(i.IIC_Read_Byte), (88 bytes).
    Removing oled.o(i.OLED_Display_Off), (28 bytes).
    Removing oled.o(i.OLED_Display_On), (28 bytes).
    Removing oled.o(i.OLED_Fill), (54 bytes).
    Removing oled.o(i.OLED_Refresh_Pages), (84 bytes).
    Removing oled.o(i.OLED_Set_Pos), (46 bytes).
    Removing oled.o(i.OLED_ShowNum), (148 bytes).
    Removing oled.o(i.OLED_ShowNum_RC), (44 bytes).
    Removing oled.o(i.oled_pow), (22 bytes).
    Removing lcd.o(i.LCD_Display), (256 bytes).
    Removing lcd.o(i.LCD_Init), (144 bytes).
    Removing lcd.o(i.LCD_Write_Data), (68 bytes).
    Removing lcd.o(.data), (17 bytes).
    Removing hx711.o(i.HX711_Calibrate), (76 bytes).
    Removing hx711.o(i.HX711_GetOffset), (12 bytes).
    Removing hx711.o(i.HX711_GetScale), (12 bytes).
    Removing usart.o(i.USART1_Init), (176 bytes).
    Removing usart.o(i.fputc), (36 bytes).

487 unused section(s) (total 20893 bytes) removed from the image.

==============================================================================

Image Symbol Table

    Local Symbols

    Symbol Name                              Value     Ov Type        Size  Object(Section)

    ../clib/microlib/division.c              0x00000000   Number         0  ldiv.o ABSOLUTE
    ../clib/microlib/division.c              0x00000000   Number         0  uidiv.o ABSOLUTE
    ../clib/microlib/division.c              0x00000000   Number         0  uldiv.o ABSOLUTE
    ../clib/microlib/init/entry.s            0x00000000   Number         0  entry7b.o ABSOLUTE
    ../clib/microlib/init/entry.s            0x00000000   Number         0  entry.o ABSOLUTE
    ../clib/microlib/init/entry.s            0x00000000   Number         0  entry11a.o ABSOLUTE
    ../clib/microlib/init/entry.s            0x00000000   Number         0  entry8a.o ABSOLUTE
    ../clib/microlib/init/entry.s            0x00000000   Number         0  entry12b.o ABSOLUTE
    ../clib/microlib/init/entry.s            0x00000000   Number         0  entry12a.o ABSOLUTE
    ../clib/microlib/init/entry.s            0x00000000   Number         0  entry11b.o ABSOLUTE
    ../clib/microlib/init/entry.s            0x00000000   Number         0  entry8b.o ABSOLUTE
    ../clib/microlib/init/entry.s            0x00000000   Number         0  entry10b.o ABSOLUTE
    ../clib/microlib/init/entry.s            0x00000000   Number         0  entry9a.o ABSOLUTE
    ../clib/microlib/init/entry.s            0x00000000   Number         0  entry10a.o ABSOLUTE
    ../clib/microlib/init/entry.s            0x00000000   Number         0  entry9b.o ABSOLUTE
    ../clib/microlib/init/entry.s            0x00000000   Number         0  entry7a.o ABSOLUTE
    ../clib/microlib/init/entry.s            0x00000000   Number         0  entry5.o ABSOLUTE
    ../clib/microlib/init/entry.s            0x00000000   Number         0  entry2.o ABSOLUTE
    ../clib/microlib/longlong.c              0x00000000   Number         0  llushr.o ABSOLUTE
    ../clib/microlib/longlong.c              0x00000000   Number         0  llshl.o ABSOLUTE
    ../clib/microlib/longlong.c              0x00000000   Number         0  llsshr.o ABSOLUTE
    ../clib/microlib/printf/printf.c         0x00000000   Number         0  printfb.o ABSOLUTE
    ../clib/microlib/printf/printf.c         0x00000000   Number         0  printf7.o ABSOLUTE
    ../clib/microlib/printf/printf.c         0x00000000   Number         0  printf2.o ABSOLUTE
    ../clib/microlib/printf/printf.c         0x00000000   Number         0  printf6.o ABSOLUTE
    ../clib/microlib/printf/printf.c         0x00000000   Number         0  printf5.o ABSOLUTE
    ../clib/microlib/printf/printf.c         0x00000000   Number         0  printf4.o ABSOLUTE
    ../clib/microlib/printf/printf.c         0x00000000   Number         0  printf3.o ABSOLUTE
    ../clib/microlib/printf/printf.c         0x00000000   Number         0  printf1.o ABSOLUTE
    ../clib/microlib/printf/printf.c         0x00000000   Number         0  printf0.o ABSOLUTE
    ../clib/microlib/printf/printf.c         0x00000000   Number         0  printf8.o ABSOLUTE
    ../clib/microlib/printf/printf.c         0x00000000   Number         0  printfa.o ABSOLUTE
    ../clib/microlib/printf/stubs.s          0x00000000   Number         0  stubs.o ABSOLUTE
    ../clib/microlib/stdio/streams.c         0x00000000   Number         0  stdout.o ABSOLUTE
    ../clib/microlib/stubs.s                 0x00000000   Number         0  iusefp.o ABSOLUTE
    ../fplib/microlib/f2d.c                  0x00000000   Number         0  f2d.o ABSOLUTE
    ../fplib/microlib/fpadd.c                0x00000000   Number         0  fadd.o ABSOLUTE
    ../fplib/microlib/fpadd.c                0x00000000   Number         0  dadd.o ABSOLUTE
    ../fplib/microlib/fpdiv.c                0x00000000   Number         0  fdiv.o ABSOLUTE
    ../fplib/microlib/fpdiv.c                0x00000000   Number         0  ddiv.o ABSOLUTE
    ../fplib/microlib/fpepilogue.c           0x00000000   Number         0  fepilogue.o ABSOLUTE
    ../fplib/microlib/fpepilogue.c           0x00000000   Number         0  depilogue.o ABSOLUTE
    ../fplib/microlib/fpfix.c                0x00000000   Number         0  dfixul.o ABSOLUTE
    ../fplib/microlib/fpflt.c                0x00000000   Number         0  fflti.o ABSOLUTE
    ../fplib/microlib/fpflt.c                0x00000000   Number         0  ffltui.o ABSOLUTE
    ../fplib/microlib/fpmul.c                0x00000000   Number         0  fmul.o ABSOLUTE
    ../fplib/microlib/fpmul.c                0x00000000   Number         0  dmul.o ABSOLUTE
    APP\SysTick.c                            0x00000000   Number         0  systick.o ABSOLUTE
    APP\system.c                             0x00000000   Number         0  system.o ABSOLUTE
    APP\usart.c                              0x00000000   Number         0  usart.o ABSOLUTE
    Hardware\Buzzer.c                        0x00000000   Number         0  buzzer.o ABSOLUTE
    Hardware\HX711.c                         0x00000000   Number         0  hx711.o ABSOLUTE
    Hardware\Key.c                           0x00000000   Number         0  key.o ABSOLUTE
    Hardware\LCD.c                           0x00000000   Number         0  lcd.o ABSOLUTE
    Hardware\LED.c                           0x00000000   Number         0  led.o ABSOLUTE
    Hardware\oled.c                          0x00000000   Number         0  oled.o ABSOLUTE
    Library\misc.c                           0x00000000   Number         0  misc.o ABSOLUTE
    Library\stm32f10x_adc.c                  0x00000000   Number         0  stm32f10x_adc.o ABSOLUTE
    Library\stm32f10x_bkp.c                  0x00000000   Number         0  stm32f10x_bkp.o ABSOLUTE
    Library\stm32f10x_can.c                  0x00000000   Number         0  stm32f10x_can.o ABSOLUTE
    Library\stm32f10x_cec.c                  0x00000000   Number         0  stm32f10x_cec.o ABSOLUTE
    Library\stm32f10x_crc.c                  0x00000000   Number         0  stm32f10x_crc.o ABSOLUTE
    Library\stm32f10x_dac.c                  0x00000000   Number         0  stm32f10x_dac.o ABSOLUTE
    Library\stm32f10x_dbgmcu.c               0x00000000   Number         0  stm32f10x_dbgmcu.o ABSOLUTE
    Library\stm32f10x_dma.c                  0x00000000   Number         0  stm32f10x_dma.o ABSOLUTE
    Library\stm32f10x_exti.c                 0x00000000   Number         0  stm32f10x_exti.o ABSOLUTE
    Library\stm32f10x_flash.c                0x00000000   Number         0  stm32f10x_flash.o ABSOLUTE
    Library\stm32f10x_fsmc.c                 0x00000000   Number         0  stm32f10x_fsmc.o ABSOLUTE
    Library\stm32f10x_gpio.c                 0x00000000   Number         0  stm32f10x_gpio.o ABSOLUTE
    Library\stm32f10x_i2c.c                  0x00000000   Number         0  stm32f10x_i2c.o ABSOLUTE
    Library\stm32f10x_iwdg.c                 0x00000000   Number         0  stm32f10x_iwdg.o ABSOLUTE
    Library\stm32f10x_pwr.c                  0x00000000   Number         0  stm32f10x_pwr.o ABSOLUTE
    Library\stm32f10x_rcc.c                  0x00000000   Number         0  stm32f10x_rcc.o ABSOLUTE
    Library\stm32f10x_rtc.c                  0x00000000   Number         0  stm32f10x_rtc.o ABSOLUTE
    Library\stm32f10x_sdio.c                 0x00000000   Number         0  stm32f10x_sdio.o ABSOLUTE
    Library\stm32f10x_spi.c                  0x00000000   Number         0  stm32f10x_spi.o ABSOLUTE
    Library\stm32f10x_tim.c                  0x00000000   Number         0  stm32f10x_tim.o ABSOLUTE
    Library\stm32f10x_usart.c                0x00000000   Number         0  stm32f10x_usart.o ABSOLUTE
    Library\stm32f10x_wwdg.c                 0x00000000   Number         0  stm32f10x_wwdg.o ABSOLUTE
    Start\\core_cm3.c                        0x00000000   Number         0  core_cm3.o ABSOLUTE
    Start\core_cm3.c                         0x00000000   Number         0  core_cm3.o ABSOLUTE
    Start\startup_stm32f10x_md.s             0x00000000   Number         0  startup_stm32f10x_md.o ABSOLUTE
    Start\system_stm32f10x.c                 0x00000000   Number         0  system_stm32f10x.o ABSOLUTE
    User\main.c                              0x00000000   Number         0  main.o ABSOLUTE
    User\stm32f10x_it.c                      0x00000000   Number         0  stm32f10x_it.o ABSOLUTE
    cdrcmple.s                               0x00000000   Number         0  cdrcmple.o ABSOLUTE
    cfcmple.s                                0x00000000   Number         0  cfcmple.o ABSOLUTE
    cfrcmple.s                               0x00000000   Number         0  cfrcmple.o ABSOLUTE
    dc.s                                     0x00000000   Number         0  dc.o ABSOLUTE
    handlers.s                               0x00000000   Number         0  handlers.o ABSOLUTE
    init.s                                   0x00000000   Number         0  init.o ABSOLUTE
    RESET                                    0x08000000   Section      236  startup_stm32f10x_md.o(RESET)
    .ARM.Collect$$$$00000000                 0x080000ec   Section        0  entry.o(.ARM.Collect$$$$00000000)
    .ARM.Collect$$$$00000001                 0x080000ec   Section        4  entry2.o(.ARM.Collect$$$$00000001)
    .ARM.Collect$$$$00000004                 0x080000f0   Section        4  entry5.o(.ARM.Collect$$$$00000004)
    .ARM.Collect$$$$00000008                 0x080000f4   Section        0  entry7b.o(.ARM.Collect$$$$00000008)
    .ARM.Collect$$$$0000000A                 0x080000f4   Section        0  entry8b.o(.ARM.Collect$$$$0000000A)
    .ARM.Collect$$$$0000000B                 0x080000f4   Section        8  entry9a.o(.ARM.Collect$$$$0000000B)
    .ARM.Collect$$$$0000000E                 0x080000fc   Section        4  entry12b.o(.ARM.Collect$$$$0000000E)
    .ARM.Collect$$$$0000000F                 0x08000100   Section        0  entry10a.o(.ARM.Collect$$$$0000000F)
    .ARM.Collect$$$$00000011                 0x08000100   Section        0  entry11a.o(.ARM.Collect$$$$00000011)
    .ARM.Collect$$$$00002712                 0x08000100   Section        4  entry2.o(.ARM.Collect$$$$00002712)
    __lit__00000000                          0x08000100   Data           4  entry2.o(.ARM.Collect$$$$00002712)
    .text                                    0x08000104   Section       36  startup_stm32f10x_md.o(.text)
    .text                                    0x08000128   Section        0  ldiv.o(.text)
    .text                                    0x0800018a   Section        0  fadd.o(.text)
    .text                                    0x0800023a   Section        0  fmul.o(.text)
    .text                                    0x0800029e   Section        0  fdiv.o(.text)
    .text                                    0x0800031a   Section        0  fflti.o(.text)
    .text                                    0x0800032c   Section        0  ffltui.o(.text)
    .text                                    0x08000336   Section        0  f2d.o(.text)
    .text                                    0x0800035c   Section       20  cfcmple.o(.text)
    .text                                    0x08000370   Section       20  cfrcmple.o(.text)
    .text                                    0x08000384   Section        0  uidiv.o(.text)
    .text                                    0x080003b0   Section        0  uldiv.o(.text)
    .text                                    0x08000412   Section        0  iusefp.o(.text)
    .text                                    0x08000412   Section        0  fepilogue.o(.text)
    .text                                    0x08000480   Section        0  dadd.o(.text)
    .text                                    0x080005ce   Section        0  dmul.o(.text)
    .text                                    0x080006b2   Section        0  ddiv.o(.text)
    .text                                    0x08000790   Section        0  dfixul.o(.text)
    .text                                    0x080007c0   Section       48  cdrcmple.o(.text)
    .text                                    0x080007f0   Section       36  init.o(.text)
    .text                                    0x08000814   Section        0  llshl.o(.text)
    .text                                    0x08000832   Section        0  llushr.o(.text)
    .text                                    0x08000852   Section        0  llsshr.o(.text)
    .text                                    0x08000876   Section        0  depilogue.o(.text)
    i.Boot_Zero_Calibrate                    0x08000930   Section        0  system.o(i.Boot_Zero_Calibrate)
    Boot_Zero_Calibrate                      0x08000931   Thumb Code    64  system.o(i.Boot_Zero_Calibrate)
    i.BusFault_Handler                       0x0800097c   Section        0  stm32f10x_it.o(i.BusFault_Handler)
    i.Buzzer_Init                            0x08000980   Section        0  buzzer.o(i.Buzzer_Init)
    i.Buzzer_N_Beep                          0x08000a00   Section        0  buzzer.o(i.Buzzer_N_Beep)
    i.Buzzer_Off                             0x08000a2c   Section        0  buzzer.o(i.Buzzer_Off)
    i.Buzzer_On                              0x08000a38   Section        0  buzzer.o(i.Buzzer_On)
    i.DebugMon_Handler                       0x08000a48   Section        0  stm32f10x_it.o(i.DebugMon_Handler)
    i.Delay_ms                               0x08000a4c   Section        0  systick.o(i.Delay_ms)
    i.Delay_us                               0x08000a98   Section        0  systick.o(i.Delay_us)
    i.GPIO_Init                              0x08000ae4   Section        0  stm32f10x_gpio.o(i.GPIO_Init)
    i.GPIO_ReadInputDataBit                  0x08000bfa   Section        0  stm32f10x_gpio.o(i.GPIO_ReadInputDataBit)
    i.GPIO_ResetBits                         0x08000c0c   Section        0  stm32f10x_gpio.o(i.GPIO_ResetBits)
    i.GPIO_SetBits                           0x08000c10   Section        0  stm32f10x_gpio.o(i.GPIO_SetBits)
    i.HX711_Data_In                          0x08000c14   Section        0  hx711.o(i.HX711_Data_In)
    i.HX711_Data_Out                         0x08000c38   Section        0  hx711.o(i.HX711_Data_Out)
    i.HX711_GPIO_Init                        0x08000c64   Section        0  hx711.o(i.HX711_GPIO_Init)
    i.HX711_GetWeight                        0x08000cac   Section        0  hx711.o(i.HX711_GetWeight)
    i.HX711_ReadAverage                      0x08000cf4   Section        0  hx711.o(i.HX711_ReadAverage)
    HX711_ReadAverage                        0x08000cf5   Thumb Code    58  hx711.o(i.HX711_ReadAverage)
    i.HX711_SetCalibration                   0x08000d30   Section        0  hx711.o(i.HX711_SetCalibration)
    i.HX711_Tare                             0x08000d44   Section        0  hx711.o(i.HX711_Tare)
    i.HardFault_Handler                      0x08000d58   Section        0  stm32f10x_it.o(i.HardFault_Handler)
    i.IIC_Init                               0x08000d5c   Section        0  oled.o(i.IIC_Init)
    i.IIC_Send_Byte                          0x08000da8   Section        0  oled.o(i.IIC_Send_Byte)
    i.IIC_Start                              0x08000e0c   Section        0  oled.o(i.IIC_Start)
    i.IIC_Stop                               0x08000e44   Section        0  oled.o(i.IIC_Stop)
    i.IIC_Wait_Ack                           0x08000e7c   Section        0  oled.o(i.IIC_Wait_Ack)
    i.KEY_Matrix_Init                        0x08000ec8   Section        0  key.o(i.KEY_Matrix_Init)
    i.KEY_Matrix_Scan                        0x08000fb0   Section        0  key.o(i.KEY_Matrix_Scan)
    i.MemManage_Handler                      0x080010f8   Section        0  stm32f10x_it.o(i.MemManage_Handler)
    i.NMI_Handler                            0x080010fc   Section        0  stm32f10x_it.o(i.NMI_Handler)
    i.NVIC_PriorityGroupConfig               0x08001100   Section        0  misc.o(i.NVIC_PriorityGroupConfig)
    i.OLED_Clear                             0x08001114   Section        0  oled.o(i.OLED_Clear)
    i.OLED_DrawPoint                         0x08001144   Section        0  oled.o(i.OLED_DrawPoint)
    i.OLED_Init                              0x080011ac   Section        0  oled.o(i.OLED_Init)
    i.OLED_Refresh_Gram                      0x08001280   Section        0  oled.o(i.OLED_Refresh_Gram)
    i.OLED_ShowChar                          0x080012c8   Section        0  oled.o(i.OLED_ShowChar)
    i.OLED_ShowString                        0x080013d4   Section        0  oled.o(i.OLED_ShowString)
    i.OLED_ShowString_RC                     0x08001432   Section        0  oled.o(i.OLED_ShowString_RC)
    i.OLED_WR_Byte                           0x08001458   Section        0  oled.o(i.OLED_WR_Byte)
    i.Overload_AlarmTask                     0x08001470   Section        0  system.o(i.Overload_AlarmTask)
    i.PC13LED_Init                           0x08001510   Section        0  buzzer.o(i.PC13LED_Init)
    i.PC13_LED_Blink                         0x08001548   Section        0  buzzer.o(i.PC13_LED_Blink)
    i.PendSV_Handler                         0x08001580   Section        0  stm32f10x_it.o(i.PendSV_Handler)
    i.RCC_APB1PeriphClockCmd                 0x08001584   Section        0  stm32f10x_rcc.o(i.RCC_APB1PeriphClockCmd)
    i.RCC_APB2PeriphClockCmd                 0x080015a4   Section        0  stm32f10x_rcc.o(i.RCC_APB2PeriphClockCmd)
    i.RC_To_XY                               0x080015c4   Section        0  oled.o(i.RC_To_XY)
    RC_To_XY                                 0x080015c5   Thumb Code    20  oled.o(i.RC_To_XY)
    i.Read_HX711                             0x080015d8   Section        0  hx711.o(i.Read_HX711)
    i.SDA_IN                                 0x08001670   Section        0  oled.o(i.SDA_IN)
    i.SDA_OUT                                0x0800168c   Section        0  oled.o(i.SDA_OUT)
    i.SVC_Handler                            0x080016b0   Section        0  stm32f10x_it.o(i.SVC_Handler)
    i.SetSysClock                            0x080016b2   Section        0  system_stm32f10x.o(i.SetSysClock)
    SetSysClock                              0x080016b3   Thumb Code     8  system_stm32f10x.o(i.SetSysClock)
    i.SetSysClockTo72                        0x080016bc   Section        0  system_stm32f10x.o(i.SetSysClockTo72)
    SetSysClockTo72                          0x080016bd   Thumb Code   214  system_stm32f10x.o(i.SetSysClockTo72)
    i.SysFunc                                0x0800179c   Section        0  system.o(i.SysFunc)
    i.SysInit                                0x080017a0   Section        0  system.o(i.SysInit)
    i.SysLoop                                0x08001820   Section        0  system.o(i.SysLoop)
    i.SysTick_CLKSourceConfig                0x08001930   Section        0  misc.o(i.SysTick_CLKSourceConfig)
    i.SysTick_Handler                        0x08001958   Section        0  stm32f10x_it.o(i.SysTick_Handler)
    i.SysTick_Init                           0x0800195c   Section        0  systick.o(i.SysTick_Init)
    i.SystemInit                             0x08001998   Section        0  system_stm32f10x.o(i.SystemInit)
    i.TIM_Cmd                                0x080019f8   Section        0  stm32f10x_tim.o(i.TIM_Cmd)
    i.TIM_OC3Init                            0x08001a10   Section        0  stm32f10x_tim.o(i.TIM_OC3Init)
    i.TIM_TimeBaseInit                       0x08001ab0   Section        0  stm32f10x_tim.o(i.TIM_TimeBaseInit)
    i.USART1_IRQHandler                      0x08001b54   Section        0  usart.o(i.USART1_IRQHandler)
    i.USART_GetITStatus                      0x08001bdc   Section        0  stm32f10x_usart.o(i.USART_GetITStatus)
    i.USART_ReceiveData                      0x08001c30   Section        0  stm32f10x_usart.o(i.USART_ReceiveData)
    i.UsageFault_Handler                     0x08001c3a   Section        0  stm32f10x_it.o(i.UsageFault_Handler)
    i.__0sprintf                             0x08001c40   Section        0  printfa.o(i.__0sprintf)
    i.__scatterload_copy                     0x08001c68   Section       14  handlers.o(i.__scatterload_copy)
    i.__scatterload_null                     0x08001c76   Section        2  handlers.o(i.__scatterload_null)
    i.__scatterload_zeroinit                 0x08001c78   Section       14  handlers.o(i.__scatterload_zeroinit)
    i._fp_digits                             0x08001c88   Section        0  printfa.o(i._fp_digits)
    _fp_digits                               0x08001c89   Thumb Code   366  printfa.o(i._fp_digits)
    i._printf_core                           0x08001e0c   Section        0  printfa.o(i._printf_core)
    _printf_core                             0x08001e0d   Thumb Code  1704  printfa.o(i._printf_core)
    i._printf_post_padding                   0x080024c0   Section        0  printfa.o(i._printf_post_padding)
    _printf_post_padding                     0x080024c1   Thumb Code    36  printfa.o(i._printf_post_padding)
    i._printf_pre_padding                    0x080024e4   Section        0  printfa.o(i._printf_pre_padding)
    _printf_pre_padding                      0x080024e5   Thumb Code    46  printfa.o(i._printf_pre_padding)
    i._sputc                                 0x08002512   Section        0  printfa.o(i._sputc)
    _sputc                                   0x08002513   Thumb Code    10  printfa.o(i._sputc)
    i.alarm_reset_level                      0x0800251c   Section        0  system.o(i.alarm_reset_level)
    alarm_reset_level                        0x0800251d   Thumb Code    32  system.o(i.alarm_reset_level)
    i.apply_edit_buffer                      0x08002544   Section        0  system.o(i.apply_edit_buffer)
    apply_edit_buffer                        0x08002545   Thumb Code    34  system.o(i.apply_edit_buffer)
    i.handle_key                             0x08002578   Section        0  system.o(i.handle_key)
    handle_key                               0x08002579   Thumb Code   320  system.o(i.handle_key)
    i.main                                   0x080026d8   Section        0  main.o(i.main)
    i.read_cols                              0x080026ec   Section        0  key.o(i.read_cols)
    read_cols                                0x080026ed   Thumb Code    70  key.o(i.read_cols)
    i.reset_edit_buffer                      0x08002738   Section        0  system.o(i.reset_edit_buffer)
    reset_edit_buffer                        0x08002739   Thumb Code    16  system.o(i.reset_edit_buffer)
    i.set_rows                               0x08002754   Section        0  key.o(i.set_rows)
    set_rows                                 0x08002755   Thumb Code   112  key.o(i.set_rows)
    i.write_iic_cmd                          0x080027c8   Section        0  oled.o(i.write_iic_cmd)
    i.write_iic_data                         0x080027f4   Section        0  oled.o(i.write_iic_data)
    .constdata                               0x08002820   Section     6720  oled.o(.constdata)
    .constdata                               0x08004260   Section        4  system.o(.constdata)
    .data                                    0x20000000   Section        8  hx711.o(.data)
    hx_offset                                0x20000000   Data           4  hx711.o(.data)
    hx_scale                                 0x20000004   Data           4  hx711.o(.data)
    .data                                    0x20000008   Section       18  system.o(.data)
    g_overload_muted                         0x20000008   Data           1  system.o(.data)
    g_alarm_enabled                          0x20000009   Data           1  system.o(.data)
    g_alarm_threshold                        0x2000000c   Data           4  system.o(.data)
    g_weight_filtered                        0x20000010   Data           4  system.o(.data)
    g_filter_inited                          0x20000014   Data           1  system.o(.data)
    g_thresh_edit                            0x20000016   Data           2  system.o(.data)
    g_edit_active                            0x20000018   Data           1  system.o(.data)
    g_edit_digits                            0x20000019   Data           1  system.o(.data)
    .data                                    0x2000001a   Section        4  systick.o(.data)
    fac_us                                   0x2000001a   Data           1  systick.o(.data)
    fac_ms                                   0x2000001c   Data           2  systick.o(.data)
    .data                                    0x2000001e   Section        2  usart.o(.data)
    .bss                                     0x20000020   Section     1024  oled.o(.bss)
    .bss                                     0x20000420   Section      200  usart.o(.bss)
    STACK                                    0x200004e8   Section     1024  startup_stm32f10x_md.o(STACK)

    Global Symbols

    Symbol Name                              Value     Ov Type        Size  Object(Section)

    BuildAttributes$$THM_ISAv4$P$D$K$B$S$PE$A:L22UL41UL21$X:L11$S22US41US21$IEEE1$IW$USESV6$~STKCKD$USESV7$~SHL$OTIME$ROPI$EBA8$MICROLIB$REQ8$PRES8$EABIv2 0x00000000   Number         0  anon$$obj.o ABSOLUTE
    __ARM_use_no_argv                        0x00000000   Number         0  main.o ABSOLUTE
    _printf_a                                0x00000000   Number         0  stubs.o ABSOLUTE
    _printf_c                                0x00000000   Number         0  stubs.o ABSOLUTE
    _printf_charcount                        0x00000000   Number         0  stubs.o ABSOLUTE
    _printf_d                                0x00000000   Number         0  stubs.o ABSOLUTE
    _printf_e                                0x00000000   Number         0  stubs.o ABSOLUTE
    _printf_f                                0x00000000   Number         0  stubs.o ABSOLUTE
    _printf_flags                            0x00000000   Number         0  stubs.o ABSOLUTE
    _printf_fp_dec                           0x00000000   Number         0  stubs.o ABSOLUTE
    _printf_fp_hex                           0x00000000   Number         0  stubs.o ABSOLUTE
    _printf_g                                0x00000000   Number         0  stubs.o ABSOLUTE
    _printf_i                                0x00000000   Number         0  stubs.o ABSOLUTE
    _printf_int_dec                          0x00000000   Number         0  stubs.o ABSOLUTE
    _printf_l                                0x00000000   Number         0  stubs.o ABSOLUTE
    _printf_lc                               0x00000000   Number         0  stubs.o ABSOLUTE
    _printf_ll                               0x00000000   Number         0  stubs.o ABSOLUTE
    _printf_lld                              0x00000000   Number         0  stubs.o ABSOLUTE
    _printf_lli                              0x00000000   Number         0  stubs.o ABSOLUTE
    _printf_llo                              0x00000000   Number         0  stubs.o ABSOLUTE
    _printf_llu                              0x00000000   Number         0  stubs.o ABSOLUTE
    _printf_llx                              0x00000000   Number         0  stubs.o ABSOLUTE
    _printf_longlong_dec                     0x00000000   Number         0  stubs.o ABSOLUTE
    _printf_longlong_hex                     0x00000000   Number         0  stubs.o ABSOLUTE
    _printf_longlong_oct                     0x00000000   Number         0  stubs.o ABSOLUTE
    _printf_ls                               0x00000000   Number         0  stubs.o ABSOLUTE
    _printf_mbtowc                           0x00000000   Number         0  stubs.o ABSOLUTE
    _printf_n                                0x00000000   Number         0  stubs.o ABSOLUTE
    _printf_o                                0x00000000   Number         0  stubs.o ABSOLUTE
    _printf_p                                0x00000000   Number         0  stubs.o ABSOLUTE
    _printf_percent                          0x00000000   Number         0  stubs.o ABSOLUTE
    _printf_pre_padding                      0x00000000   Number         0  stubs.o ABSOLUTE
    _printf_return_value                     0x00000000   Number         0  stubs.o ABSOLUTE
    _printf_s                                0x00000000   Number         0  stubs.o ABSOLUTE
    _printf_sizespec                         0x00000000   Number         0  stubs.o ABSOLUTE
    _printf_str                              0x00000000   Number         0  stubs.o ABSOLUTE
    _printf_truncate_signed                  0x00000000   Number         0  stubs.o ABSOLUTE
    _printf_truncate_unsigned                0x00000000   Number         0  stubs.o ABSOLUTE
    _printf_u                                0x00000000   Number         0  stubs.o ABSOLUTE
    _printf_wc                               0x00000000   Number         0  stubs.o ABSOLUTE
    _printf_wctomb                           0x00000000   Number         0  stubs.o ABSOLUTE
    _printf_widthprec                        0x00000000   Number         0  stubs.o ABSOLUTE
    _printf_x                                0x00000000   Number         0  stubs.o ABSOLUTE
    __arm_fini_                               - Undefined Weak Reference
    __cpp_initialize__aeabi_                  - Undefined Weak Reference
    __cxa_finalize                            - Undefined Weak Reference
    __decompress                              - Undefined Weak Reference
    _clock_init                               - Undefined Weak Reference
    _microlib_exit                            - Undefined Weak Reference
    __Vectors_Size                           0x000000ec   Number         0  startup_stm32f10x_md.o ABSOLUTE
    __Vectors                                0x08000000   Data           4  startup_stm32f10x_md.o(RESET)
    __Vectors_End                            0x080000ec   Data           0  startup_stm32f10x_md.o(RESET)
    __main                                   0x080000ed   Thumb Code     0  entry.o(.ARM.Collect$$$$00000000)
    _main_stk                                0x080000ed   Thumb Code     0  entry2.o(.ARM.Collect$$$$00000001)
    _main_scatterload                        0x080000f1   Thumb Code     0  entry5.o(.ARM.Collect$$$$00000004)
    __main_after_scatterload                 0x080000f5   Thumb Code     0  entry5.o(.ARM.Collect$$$$00000004)
    _main_clock                              0x080000f5   Thumb Code     0  entry7b.o(.ARM.Collect$$$$00000008)
    _main_cpp_init                           0x080000f5   Thumb Code     0  entry8b.o(.ARM.Collect$$$$0000000A)
    _main_init                               0x080000f5   Thumb Code     0  entry9a.o(.ARM.Collect$$$$0000000B)
    __rt_lib_shutdown_fini                   0x080000fd   Thumb Code     0  entry12b.o(.ARM.Collect$$$$0000000E)
    __rt_final_cpp                           0x08000101   Thumb Code     0  entry10a.o(.ARM.Collect$$$$0000000F)
    __rt_final_exit                          0x08000101   Thumb Code     0  entry11a.o(.ARM.Collect$$$$00000011)
    Reset_Handler                            0x08000105   Thumb Code     8  startup_stm32f10x_md.o(.text)
    ADC1_2_IRQHandler                        0x0800011f   Thumb Code     0  startup_stm32f10x_md.o(.text)
    CAN1_RX1_IRQHandler                      0x0800011f   Thumb Code     0  startup_stm32f10x_md.o(.text)
    CAN1_SCE_IRQHandler                      0x0800011f   Thumb Code     0  startup_stm32f10x_md.o(.text)
    DMA1_Channel1_IRQHandler                 0x0800011f   Thumb Code     0  startup_stm32f10x_md.o(.text)
    DMA1_Channel2_IRQHandler                 0x0800011f   Thumb Code     0  startup_stm32f10x_md.o(.text)
    DMA1_Channel3_IRQHandler                 0x0800011f   Thumb Code     0  startup_stm32f10x_md.o(.text)
    DMA1_Channel4_IRQHandler                 0x0800011f   Thumb Code     0  startup_stm32f10x_md.o(.text)
    DMA1_Channel5_IRQHandler                 0x0800011f   Thumb Code     0  startup_stm32f10x_md.o(.text)
    DMA1_Channel6_IRQHandler                 0x0800011f   Thumb Code     0  startup_stm32f10x_md.o(.text)
    DMA1_Channel7_IRQHandler                 0x0800011f   Thumb Code     0  startup_stm32f10x_md.o(.text)
    EXTI0_IRQHandler                         0x0800011f   Thumb Code     0  startup_stm32f10x_md.o(.text)
    EXTI15_10_IRQHandler                     0x0800011f   Thumb Code     0  startup_stm32f10x_md.o(.text)
    EXTI1_IRQHandler                         0x0800011f   Thumb Code     0  startup_stm32f10x_md.o(.text)
    EXTI2_IRQHandler                         0x0800011f   Thumb Code     0  startup_stm32f10x_md.o(.text)
    EXTI3_IRQHandler                         0x0800011f   Thumb Code     0  startup_stm32f10x_md.o(.text)
    EXTI4_IRQHandler                         0x0800011f   Thumb Code     0  startup_stm32f10x_md.o(.text)
    EXTI9_5_IRQHandler                       0x0800011f   Thumb Code     0  startup_stm32f10x_md.o(.text)
    FLASH_IRQHandler                         0x0800011f   Thumb Code     0  startup_stm32f10x_md.o(.text)
    I2C1_ER_IRQHandler                       0x0800011f   Thumb Code     0  startup_stm32f10x_md.o(.text)
    I2C1_EV_IRQHandler                       0x0800011f   Thumb Code     0  startup_stm32f10x_md.o(.text)
    I2C2_ER_IRQHandler                       0x0800011f   Thumb Code     0  startup_stm32f10x_md.o(.text)
    I2C2_EV_IRQHandler                       0x0800011f   Thumb Code     0  startup_stm32f10x_md.o(.text)
    PVD_IRQHandler                           0x0800011f   Thumb Code     0  startup_stm32f10x_md.o(.text)
    RCC_IRQHandler                           0x0800011f   Thumb Code     0  startup_stm32f10x_md.o(.text)
    RTCAlarm_IRQHandler                      0x0800011f   Thumb Code     0  startup_stm32f10x_md.o(.text)
    RTC_IRQHandler                           0x0800011f   Thumb Code     0  startup_stm32f10x_md.o(.text)
    SPI1_IRQHandler                          0x0800011f   Thumb Code     0  startup_stm32f10x_md.o(.text)
    SPI2_IRQHandler                          0x0800011f   Thumb Code     0  startup_stm32f10x_md.o(.text)
    TAMPER_IRQHandler                        0x0800011f   Thumb Code     0  startup_stm32f10x_md.o(.text)
    TIM1_BRK_IRQHandler                      0x0800011f   Thumb Code     0  startup_stm32f10x_md.o(.text)
    TIM1_CC_IRQHandler                       0x0800011f   Thumb Code     0  startup_stm32f10x_md.o(.text)
    TIM1_TRG_COM_IRQHandler                  0x0800011f   Thumb Code     0  startup_stm32f10x_md.o(.text)
    TIM1_UP_IRQHandler                       0x0800011f   Thumb Code     0  startup_stm32f10x_md.o(.text)
    TIM2_IRQHandler                          0x0800011f   Thumb Code     0  startup_stm32f10x_md.o(.text)
    TIM3_IRQHandler                          0x0800011f   Thumb Code     0  startup_stm32f10x_md.o(.text)
    TIM4_IRQHandler                          0x0800011f   Thumb Code     0  startup_stm32f10x_md.o(.text)
    USART2_IRQHandler                        0x0800011f   Thumb Code     0  startup_stm32f10x_md.o(.text)
    USART3_IRQHandler                        0x0800011f   Thumb Code     0  startup_stm32f10x_md.o(.text)
    USBWakeUp_IRQHandler                     0x0800011f   Thumb Code     0  startup_stm32f10x_md.o(.text)
    USB_HP_CAN1_TX_IRQHandler                0x0800011f   Thumb Code     0  startup_stm32f10x_md.o(.text)
    USB_LP_CAN1_RX0_IRQHandler               0x0800011f   Thumb Code     0  startup_stm32f10x_md.o(.text)
    WWDG_IRQHandler                          0x0800011f   Thumb Code     0  startup_stm32f10x_md.o(.text)
    __aeabi_ldivmod                          0x08000129   Thumb Code    98  ldiv.o(.text)
    __aeabi_fadd                             0x0800018b   Thumb Code   164  fadd.o(.text)
    __aeabi_fsub                             0x0800022f   Thumb Code     6  fadd.o(.text)
    __aeabi_frsub                            0x08000235   Thumb Code     6  fadd.o(.text)
    __aeabi_fmul                             0x0800023b   Thumb Code   100  fmul.o(.text)
    __aeabi_fdiv                             0x0800029f   Thumb Code   124  fdiv.o(.text)
    __aeabi_i2f                              0x0800031b   Thumb Code    18  fflti.o(.text)
    __aeabi_ui2f                             0x0800032d   Thumb Code    10  ffltui.o(.text)
    __aeabi_f2d                              0x08000337   Thumb Code    38  f2d.o(.text)
    __aeabi_cfcmpeq                          0x0800035d   Thumb Code     0  cfcmple.o(.text)
    __aeabi_cfcmple                          0x0800035d   Thumb Code    20  cfcmple.o(.text)
    __aeabi_cfrcmple                         0x08000371   Thumb Code    20  cfrcmple.o(.text)
    __aeabi_uidiv                            0x08000385   Thumb Code     0  uidiv.o(.text)
    __aeabi_uidivmod                         0x08000385   Thumb Code    44  uidiv.o(.text)
    __aeabi_uldivmod                         0x080003b1   Thumb Code    98  uldiv.o(.text)
    __I$use$fp                               0x08000413   Thumb Code     0  iusefp.o(.text)
    _float_round                             0x08000413   Thumb Code    18  fepilogue.o(.text)
    _float_epilogue                          0x08000425   Thumb Code    92  fepilogue.o(.text)
    __aeabi_dadd                             0x08000481   Thumb Code   322  dadd.o(.text)
    __aeabi_dsub                             0x080005c3   Thumb Code     6  dadd.o(.text)
    __aeabi_drsub                            0x080005c9   Thumb Code     6  dadd.o(.text)
    __aeabi_dmul                             0x080005cf   Thumb Code   228  dmul.o(.text)
    __aeabi_ddiv                             0x080006b3   Thumb Code   222  ddiv.o(.text)
    __aeabi_d2ulz                            0x08000791   Thumb Code    48  dfixul.o(.text)
    __aeabi_cdrcmple                         0x080007c1   Thumb Code    48  cdrcmple.o(.text)
    __scatterload                            0x080007f1   Thumb Code    28  init.o(.text)
    __scatterload_rt2                        0x080007f1   Thumb Code     0  init.o(.text)
    __aeabi_llsl                             0x08000815   Thumb Code    30  llshl.o(.text)
    _ll_shift_l                              0x08000815   Thumb Code     0  llshl.o(.text)
    __aeabi_llsr                             0x08000833   Thumb Code    32  llushr.o(.text)
    _ll_ushift_r                             0x08000833   Thumb Code     0  llushr.o(.text)
    __aeabi_lasr                             0x08000853   Thumb Code    36  llsshr.o(.text)
    _ll_sshift_r                             0x08000853   Thumb Code     0  llsshr.o(.text)
    _double_round                            0x08000877   Thumb Code    30  depilogue.o(.text)
    _double_epilogue                         0x08000895   Thumb Code   156  depilogue.o(.text)
    BusFault_Handler                         0x0800097d   Thumb Code     4  stm32f10x_it.o(i.BusFault_Handler)
    Buzzer_Init                              0x08000981   Thumb Code   118  buzzer.o(i.Buzzer_Init)
    Buzzer_N_Beep                            0x08000a01   Thumb Code    42  buzzer.o(i.Buzzer_N_Beep)
    Buzzer_Off                               0x08000a2d   Thumb Code     8  buzzer.o(i.Buzzer_Off)
    Buzzer_On                                0x08000a39   Thumb Code    10  buzzer.o(i.Buzzer_On)
    DebugMon_Handler                         0x08000a49   Thumb Code     2  stm32f10x_it.o(i.DebugMon_Handler)
    Delay_ms                                 0x08000a4d   Thumb Code    72  systick.o(i.Delay_ms)
    Delay_us                                 0x08000a99   Thumb Code    72  systick.o(i.Delay_us)
    GPIO_Init                                0x08000ae5   Thumb Code   278  stm32f10x_gpio.o(i.GPIO_Init)
    GPIO_ReadInputDataBit                    0x08000bfb   Thumb Code    18  stm32f10x_gpio.o(i.GPIO_ReadInputDataBit)
    GPIO_ResetBits                           0x08000c0d   Thumb Code     4  stm32f10x_gpio.o(i.GPIO_ResetBits)
    GPIO_SetBits                             0x08000c11   Thumb Code     4  stm32f10x_gpio.o(i.GPIO_SetBits)
    HX711_Data_In                            0x08000c15   Thumb Code    32  hx711.o(i.HX711_Data_In)
    HX711_Data_Out                           0x08000c39   Thumb Code    38  hx711.o(i.HX711_Data_Out)
    HX711_GPIO_Init                          0x08000c65   Thumb Code    64  hx711.o(i.HX711_GPIO_Init)
    HX711_GetWeight                          0x08000cad   Thumb Code    62  hx711.o(i.HX711_GetWeight)
    HX711_SetCalibration                     0x08000d31   Thumb Code    10  hx711.o(i.HX711_SetCalibration)
    HX711_Tare                               0x08000d45   Thumb Code    16  hx711.o(i.HX711_Tare)
    HardFault_Handler                        0x08000d59   Thumb Code     4  stm32f10x_it.o(i.HardFault_Handler)
    IIC_Init                                 0x08000d5d   Thumb Code    64  oled.o(i.IIC_Init)
    IIC_Send_Byte                            0x08000da9   Thumb Code    90  oled.o(i.IIC_Send_Byte)
    IIC_Start                                0x08000e0d   Thumb Code    46  oled.o(i.IIC_Start)
    IIC_Stop                                 0x08000e45   Thumb Code    46  oled.o(i.IIC_Stop)
    IIC_Wait_Ack                             0x08000e7d   Thumb Code    68  oled.o(i.IIC_Wait_Ack)
    KEY_Matrix_Init                          0x08000ec9   Thumb Code   226  key.o(i.KEY_Matrix_Init)
    KEY_Matrix_Scan                          0x08000fb1   Thumb Code   328  key.o(i.KEY_Matrix_Scan)
    MemManage_Handler                        0x080010f9   Thumb Code     4  stm32f10x_it.o(i.MemManage_Handler)
    NMI_Handler                              0x080010fd   Thumb Code     2  stm32f10x_it.o(i.NMI_Handler)
    NVIC_PriorityGroupConfig                 0x08001101   Thumb Code    10  misc.o(i.NVIC_PriorityGroupConfig)
    OLED_Clear                               0x08001115   Thumb Code    42  oled.o(i.OLED_Clear)
    OLED_DrawPoint                           0x08001145   Thumb Code   100  oled.o(i.OLED_DrawPoint)
    OLED_Init                                0x080011ad   Thumb Code   212  oled.o(i.OLED_Init)
    OLED_Refresh_Gram                        0x08001281   Thumb Code    66  oled.o(i.OLED_Refresh_Gram)
    OLED_ShowChar                            0x080012c9   Thumb Code   254  oled.o(i.OLED_ShowChar)
    OLED_ShowString                          0x080013d5   Thumb Code    94  oled.o(i.OLED_ShowString)
    OLED_ShowString_RC                       0x08001433   Thumb Code    38  oled.o(i.OLED_ShowString_RC)
    OLED_WR_Byte                             0x08001459   Thumb Code    24  oled.o(i.OLED_WR_Byte)
    Overload_AlarmTask                       0x08001471   Thumb Code   142  system.o(i.Overload_AlarmTask)
    PC13LED_Init                             0x08001511   Thumb Code    50  buzzer.o(i.PC13LED_Init)
    PC13_LED_Blink                           0x08001549   Thumb Code    50  buzzer.o(i.PC13_LED_Blink)
    PendSV_Handler                           0x08001581   Thumb Code     2  stm32f10x_it.o(i.PendSV_Handler)
    RCC_APB1PeriphClockCmd                   0x08001585   Thumb Code    26  stm32f10x_rcc.o(i.RCC_APB1PeriphClockCmd)
    RCC_APB2PeriphClockCmd                   0x080015a5   Thumb Code    26  stm32f10x_rcc.o(i.RCC_APB2PeriphClockCmd)
    Read_HX711                               0x080015d9   Thumb Code   144  hx711.o(i.Read_HX711)
    SDA_IN                                   0x08001671   Thumb Code    24  oled.o(i.SDA_IN)
    SDA_OUT                                  0x0800168d   Thumb Code    30  oled.o(i.SDA_OUT)
    SVC_Handler                              0x080016b1   Thumb Code     2  stm32f10x_it.o(i.SVC_Handler)
    SysFunc                                  0x0800179d   Thumb Code     2  system.o(i.SysFunc)
    SysInit                                  0x080017a1   Thumb Code    96  system.o(i.SysInit)
    SysLoop                                  0x08001821   Thumb Code   226  system.o(i.SysLoop)
    SysTick_CLKSourceConfig                  0x08001931   Thumb Code    40  misc.o(i.SysTick_CLKSourceConfig)
    SysTick_Handler                          0x08001959   Thumb Code     2  stm32f10x_it.o(i.SysTick_Handler)
    SysTick_Init                             0x0800195d   Thumb Code    52  systick.o(i.SysTick_Init)
    SystemInit                               0x08001999   Thumb Code    78  system_stm32f10x.o(i.SystemInit)
    TIM_Cmd                                  0x080019f9   Thumb Code    24  stm32f10x_tim.o(i.TIM_Cmd)
    TIM_OC3Init                              0x08001a11   Thumb Code   150  stm32f10x_tim.o(i.TIM_OC3Init)
    TIM_TimeBaseInit                         0x08001ab1   Thumb Code   122  stm32f10x_tim.o(i.TIM_TimeBaseInit)
    USART1_IRQHandler                        0x08001b55   Thumb Code   122  usart.o(i.USART1_IRQHandler)
    USART_GetITStatus                        0x08001bdd   Thumb Code    84  stm32f10x_usart.o(i.USART_GetITStatus)
    USART_ReceiveData                        0x08001c31   Thumb Code    10  stm32f10x_usart.o(i.USART_ReceiveData)
    UsageFault_Handler                       0x08001c3b   Thumb Code     4  stm32f10x_it.o(i.UsageFault_Handler)
    __0sprintf                               0x08001c41   Thumb Code    34  printfa.o(i.__0sprintf)
    __1sprintf                               0x08001c41   Thumb Code     0  printfa.o(i.__0sprintf)
    __2sprintf                               0x08001c41   Thumb Code     0  printfa.o(i.__0sprintf)
    __c89sprintf                             0x08001c41   Thumb Code     0  printfa.o(i.__0sprintf)
    sprintf                                  0x08001c41   Thumb Code     0  printfa.o(i.__0sprintf)
    __scatterload_copy                       0x08001c69   Thumb Code    14  handlers.o(i.__scatterload_copy)
    __scatterload_null                       0x08001c77   Thumb Code     2  handlers.o(i.__scatterload_null)
    __scatterload_zeroinit                   0x08001c79   Thumb Code    14  handlers.o(i.__scatterload_zeroinit)
    main                                     0x080026d9   Thumb Code    18  main.o(i.main)
    write_iic_cmd                            0x080027c9   Thumb Code    44  oled.o(i.write_iic_cmd)
    write_iic_data                           0x080027f5   Thumb Code    44  oled.o(i.write_iic_data)
    ascii_1206                               0x08002820   Data        1140  oled.o(.constdata)
    ascii_1608                               0x08002c94   Data        1520  oled.o(.constdata)
    ascii_2412                               0x08003284   Data        3420  oled.o(.constdata)
    FontHzk                                  0x08003fe0   Data         640  oled.o(.constdata)
    Region$$Table$$Base                      0x08004264   Number         0  anon$$obj.o(Region$$Table)
    Region$$Table$$Limit                     0x08004284   Number         0  anon$$obj.o(Region$$Table)
    USART1_RX_STA                            0x2000001e   Data           2  usart.o(.data)
    OLED_GRAM                                0x20000020   Data        1024  oled.o(.bss)
    USART1_RX_BUF                            0x20000420   Data         200  usart.o(.bss)
    __initial_sp                             0x200008e8   Data           0  startup_stm32f10x_md.o(STACK)



==============================================================================

Memory Map of the image

  Image Entry point : 0x080000ed

  Load Region LR_IROM1 (Base: 0x08000000, Size: 0x000042a4, Max: 0x00010000, ABSOLUTE)

    Execution Region ER_IROM1 (Exec base: 0x08000000, Load base: 0x08000000, Size: 0x00004284, Max: 0x00010000, ABSOLUTE)

    Exec Addr    Load Addr    Size         Type   Attr      Idx    E Section Name        Object

    0x08000000   0x08000000   0x000000ec   Data   RO            3    RESET               startup_stm32f10x_md.o
    0x080000ec   0x080000ec   0x00000000   Code   RO         3826  * .ARM.Collect$$$$00000000  mc_w.l(entry.o)
    0x080000ec   0x080000ec   0x00000004   Code   RO         4108    .ARM.Collect$$$$00000001  mc_w.l(entry2.o)
    0x080000f0   0x080000f0   0x00000004   Code   RO         4111    .ARM.Collect$$$$00000004  mc_w.l(entry5.o)
    0x080000f4   0x080000f4   0x00000000   Code   RO         4113    .ARM.Collect$$$$00000008  mc_w.l(entry7b.o)
    0x080000f4   0x080000f4   0x00000000   Code   RO         4115    .ARM.Collect$$$$0000000A  mc_w.l(entry8b.o)
    0x080000f4   0x080000f4   0x00000008   Code   RO         4116    .ARM.Collect$$$$0000000B  mc_w.l(entry9a.o)
    0x080000fc   0x080000fc   0x00000004   Code   RO         4123    .ARM.Collect$$$$0000000E  mc_w.l(entry12b.o)
    0x08000100   0x08000100   0x00000000   Code   RO         4118    .ARM.Collect$$$$0000000F  mc_w.l(entry10a.o)
    0x08000100   0x08000100   0x00000000   Code   RO         4120    .ARM.Collect$$$$00000011  mc_w.l(entry11a.o)
    0x08000100   0x08000100   0x00000004   Code   RO         4109    .ARM.Collect$$$$00002712  mc_w.l(entry2.o)
    0x08000104   0x08000104   0x00000024   Code   RO            4    .text               startup_stm32f10x_md.o
    0x08000128   0x08000128   0x00000062   Code   RO         3829    .text               mc_w.l(ldiv.o)
    0x0800018a   0x0800018a   0x000000b0   Code   RO         4092    .text               mf_w.l(fadd.o)
    0x0800023a   0x0800023a   0x00000064   Code   RO         4094    .text               mf_w.l(fmul.o)
    0x0800029e   0x0800029e   0x0000007c   Code   RO         4096    .text               mf_w.l(fdiv.o)
    0x0800031a   0x0800031a   0x00000012   Code   RO         4098    .text               mf_w.l(fflti.o)
    0x0800032c   0x0800032c   0x0000000a   Code   RO         4100    .text               mf_w.l(ffltui.o)
    0x08000336   0x08000336   0x00000026   Code   RO         4102    .text               mf_w.l(f2d.o)
    0x0800035c   0x0800035c   0x00000014   Code   RO         4104    .text               mf_w.l(cfcmple.o)
    0x08000370   0x08000370   0x00000014   Code   RO         4106    .text               mf_w.l(cfrcmple.o)
    0x08000384   0x08000384   0x0000002c   Code   RO         4125    .text               mc_w.l(uidiv.o)
    0x080003b0   0x080003b0   0x00000062   Code   RO         4127    .text               mc_w.l(uldiv.o)
    0x08000412   0x08000412   0x00000000   Code   RO         4129    .text               mc_w.l(iusefp.o)
    0x08000412   0x08000412   0x0000006e   Code   RO         4130    .text               mf_w.l(fepilogue.o)
    0x08000480   0x08000480   0x0000014e   Code   RO         4132    .text               mf_w.l(dadd.o)
    0x080005ce   0x080005ce   0x000000e4   Code   RO         4134    .text               mf_w.l(dmul.o)
    0x080006b2   0x080006b2   0x000000de   Code   RO         4136    .text               mf_w.l(ddiv.o)
    0x08000790   0x08000790   0x00000030   Code   RO         4138    .text               mf_w.l(dfixul.o)
    0x080007c0   0x080007c0   0x00000030   Code   RO         4140    .text               mf_w.l(cdrcmple.o)
    0x080007f0   0x080007f0   0x00000024   Code   RO         4142    .text               mc_w.l(init.o)
    0x08000814   0x08000814   0x0000001e   Code   RO         4144    .text               mc_w.l(llshl.o)
    0x08000832   0x08000832   0x00000020   Code   RO         4146    .text               mc_w.l(llushr.o)
    0x08000852   0x08000852   0x00000024   Code   RO         4148    .text               mc_w.l(llsshr.o)
    0x08000876   0x08000876   0x000000ba   Code   RO         4150    .text               mf_w.l(depilogue.o)
    0x08000930   0x08000930   0x0000004c   Code   RO         3698    i.Boot_Zero_Calibrate  system.o
    0x0800097c   0x0800097c   0x00000004   Code   RO         3237    i.BusFault_Handler  stm32f10x_it.o
    0x08000980   0x08000980   0x00000080   Code   RO         3301    i.Buzzer_Init       buzzer.o
    0x08000a00   0x08000a00   0x0000002a   Code   RO         3302    i.Buzzer_N_Beep     buzzer.o
    0x08000a2a   0x08000a2a   0x00000002   PAD
    0x08000a2c   0x08000a2c   0x0000000c   Code   RO         3303    i.Buzzer_Off        buzzer.o
    0x08000a38   0x08000a38   0x00000010   Code   RO         3304    i.Buzzer_On         buzzer.o
    0x08000a48   0x08000a48   0x00000002   Code   RO         3238    i.DebugMon_Handler  stm32f10x_it.o
    0x08000a4a   0x08000a4a   0x00000002   PAD
    0x08000a4c   0x08000a4c   0x0000004c   Code   RO         3766    i.Delay_ms          systick.o
    0x08000a98   0x08000a98   0x0000004c   Code   RO         3767    i.Delay_us          systick.o
    0x08000ae4   0x08000ae4   0x00000116   Code   RO         1347    i.GPIO_Init         stm32f10x_gpio.o
    0x08000bfa   0x08000bfa   0x00000012   Code   RO         1351    i.GPIO_ReadInputDataBit  stm32f10x_gpio.o
    0x08000c0c   0x08000c0c   0x00000004   Code   RO         1354    i.GPIO_ResetBits    stm32f10x_gpio.o
    0x08000c10   0x08000c10   0x00000004   Code   RO         1355    i.GPIO_SetBits      stm32f10x_gpio.o
    0x08000c14   0x08000c14   0x00000024   Code   RO         3623    i.HX711_Data_In     hx711.o
    0x08000c38   0x08000c38   0x0000002c   Code   RO         3624    i.HX711_Data_Out    hx711.o
    0x08000c64   0x08000c64   0x00000048   Code   RO         3625    i.HX711_GPIO_Init   hx711.o
    0x08000cac   0x08000cac   0x00000048   Code   RO         3628    i.HX711_GetWeight   hx711.o
    0x08000cf4   0x08000cf4   0x0000003a   Code   RO         3629    i.HX711_ReadAverage  hx711.o
    0x08000d2e   0x08000d2e   0x00000002   PAD
    0x08000d30   0x08000d30   0x00000014   Code   RO         3630    i.HX711_SetCalibration  hx711.o
    0x08000d44   0x08000d44   0x00000014   Code   RO         3631    i.HX711_Tare        hx711.o
    0x08000d58   0x08000d58   0x00000004   Code   RO         3239    i.HardFault_Handler  stm32f10x_it.o
    0x08000d5c   0x08000d5c   0x0000004c   Code   RO         3404    i.IIC_Init          oled.o
    0x08000da8   0x08000da8   0x00000064   Code   RO         3407    i.IIC_Send_Byte     oled.o
    0x08000e0c   0x08000e0c   0x00000038   Code   RO         3408    i.IIC_Start         oled.o
    0x08000e44   0x08000e44   0x00000038   Code   RO         3409    i.IIC_Stop          oled.o
    0x08000e7c   0x08000e7c   0x0000004c   Code   RO         3410    i.IIC_Wait_Ack      oled.o
    0x08000ec8   0x08000ec8   0x000000e8   Code   RO         3351    i.KEY_Matrix_Init   key.o
    0x08000fb0   0x08000fb0   0x00000148   Code   RO         3352    i.KEY_Matrix_Scan   key.o
    0x080010f8   0x080010f8   0x00000004   Code   RO         3240    i.MemManage_Handler  stm32f10x_it.o
    0x080010fc   0x080010fc   0x00000002   Code   RO         3241    i.NMI_Handler       stm32f10x_it.o
    0x080010fe   0x080010fe   0x00000002   PAD
    0x08001100   0x08001100   0x00000014   Code   RO          138    i.NVIC_PriorityGroupConfig  misc.o
    0x08001114   0x08001114   0x00000030   Code   RO         3411    i.OLED_Clear        oled.o
    0x08001144   0x08001144   0x00000068   Code   RO         3414    i.OLED_DrawPoint    oled.o
    0x080011ac   0x080011ac   0x000000d4   Code   RO         3416    i.OLED_Init         oled.o
    0x08001280   0x08001280   0x00000048   Code   RO         3417    i.OLED_Refresh_Gram  oled.o
    0x080012c8   0x080012c8   0x0000010c   Code   RO         3420    i.OLED_ShowChar     oled.o
    0x080013d4   0x080013d4   0x0000005e   Code   RO         3423    i.OLED_ShowString   oled.o
    0x08001432   0x08001432   0x00000026   Code   RO         3424    i.OLED_ShowString_RC  oled.o
    0x08001458   0x08001458   0x00000018   Code   RO         3425    i.OLED_WR_Byte      oled.o
    0x08001470   0x08001470   0x000000a0   Code   RO         3699    i.Overload_AlarmTask  system.o
    0x08001510   0x08001510   0x00000038   Code   RO         3305    i.PC13LED_Init      buzzer.o
    0x08001548   0x08001548   0x00000038   Code   RO         3306    i.PC13_LED_Blink    buzzer.o
    0x08001580   0x08001580   0x00000002   Code   RO         3242    i.PendSV_Handler    stm32f10x_it.o
    0x08001582   0x08001582   0x00000002   PAD
    0x08001584   0x08001584   0x00000020   Code   RO         1775    i.RCC_APB1PeriphClockCmd  stm32f10x_rcc.o
    0x080015a4   0x080015a4   0x00000020   Code   RO         1777    i.RCC_APB2PeriphClockCmd  stm32f10x_rcc.o
    0x080015c4   0x080015c4   0x00000014   Code   RO         3426    i.RC_To_XY          oled.o
    0x080015d8   0x080015d8   0x00000098   Code   RO         3632    i.Read_HX711        hx711.o
    0x08001670   0x08001670   0x0000001c   Code   RO         3427    i.SDA_IN            oled.o
    0x0800168c   0x0800168c   0x00000024   Code   RO         3428    i.SDA_OUT           oled.o
    0x080016b0   0x080016b0   0x00000002   Code   RO         3243    i.SVC_Handler       stm32f10x_it.o
    0x080016b2   0x080016b2   0x00000008   Code   RO           24    i.SetSysClock       system_stm32f10x.o
    0x080016ba   0x080016ba   0x00000002   PAD
    0x080016bc   0x080016bc   0x000000e0   Code   RO           25    i.SetSysClockTo72   system_stm32f10x.o
    0x0800179c   0x0800179c   0x00000002   Code   RO         3700    i.SysFunc           system.o
    0x0800179e   0x0800179e   0x00000002   PAD
    0x080017a0   0x080017a0   0x00000080   Code   RO         3701    i.SysInit           system.o
    0x08001820   0x08001820   0x00000110   Code   RO         3702    i.SysLoop           system.o
    0x08001930   0x08001930   0x00000028   Code   RO          141    i.SysTick_CLKSourceConfig  misc.o
    0x08001958   0x08001958   0x00000002   Code   RO         3244    i.SysTick_Handler   stm32f10x_it.o
    0x0800195a   0x0800195a   0x00000002   PAD
    0x0800195c   0x0800195c   0x0000003c   Code   RO         3768    i.SysTick_Init      systick.o
    0x08001998   0x08001998   0x00000060   Code   RO           27    i.SystemInit        system_stm32f10x.o
    0x080019f8   0x080019f8   0x00000018   Code   RO         2421    i.TIM_Cmd           stm32f10x_tim.o
    0x08001a10   0x08001a10   0x000000a0   Code   RO         2460    i.TIM_OC3Init       stm32f10x_tim.o
    0x08001ab0   0x08001ab0   0x000000a4   Code   RO         2492    i.TIM_TimeBaseInit  stm32f10x_tim.o
    0x08001b54   0x08001b54   0x00000088   Code   RO         3795    i.USART1_IRQHandler  usart.o
    0x08001bdc   0x08001bdc   0x00000054   Code   RO         2964    i.USART_GetITStatus  stm32f10x_usart.o
    0x08001c30   0x08001c30   0x0000000a   Code   RO         2974    i.USART_ReceiveData  stm32f10x_usart.o
    0x08001c3a   0x08001c3a   0x00000004   Code   RO         3245    i.UsageFault_Handler  stm32f10x_it.o
    0x08001c3e   0x08001c3e   0x00000002   PAD
    0x08001c40   0x08001c40   0x00000028   Code   RO         4066    i.__0sprintf        mc_w.l(printfa.o)
    0x08001c68   0x08001c68   0x0000000e   Code   RO         4154    i.__scatterload_copy  mc_w.l(handlers.o)
    0x08001c76   0x08001c76   0x00000002   Code   RO         4155    i.__scatterload_null  mc_w.l(handlers.o)
    0x08001c78   0x08001c78   0x0000000e   Code   RO         4156    i.__scatterload_zeroinit  mc_w.l(handlers.o)
    0x08001c86   0x08001c86   0x00000002   PAD
    0x08001c88   0x08001c88   0x00000184   Code   RO         4071    i._fp_digits        mc_w.l(printfa.o)
    0x08001e0c   0x08001e0c   0x000006b4   Code   RO         4072    i._printf_core      mc_w.l(printfa.o)
    0x080024c0   0x080024c0   0x00000024   Code   RO         4073    i._printf_post_padding  mc_w.l(printfa.o)
    0x080024e4   0x080024e4   0x0000002e   Code   RO         4074    i._printf_pre_padding  mc_w.l(printfa.o)
    0x08002512   0x08002512   0x0000000a   Code   RO         4076    i._sputc            mc_w.l(printfa.o)
    0x0800251c   0x0800251c   0x00000028   Code   RO         3703    i.alarm_reset_level  system.o
    0x08002544   0x08002544   0x00000034   Code   RO         3704    i.apply_edit_buffer  system.o
    0x08002578   0x08002578   0x00000160   Code   RO         3705    i.handle_key        system.o
    0x080026d8   0x080026d8   0x00000012   Code   RO         3196    i.main              main.o
    0x080026ea   0x080026ea   0x00000002   PAD
    0x080026ec   0x080026ec   0x0000004c   Code   RO         3353    i.read_cols         key.o
    0x08002738   0x08002738   0x0000001c   Code   RO         3706    i.reset_edit_buffer  system.o
    0x08002754   0x08002754   0x00000074   Code   RO         3354    i.set_rows          key.o
    0x080027c8   0x080027c8   0x0000002c   Code   RO         3430    i.write_iic_cmd     oled.o
    0x080027f4   0x080027f4   0x0000002c   Code   RO         3431    i.write_iic_data    oled.o
    0x08002820   0x08002820   0x00001a40   Data   RO         3433    .constdata          oled.o
    0x08004260   0x08004260   0x00000004   Data   RO         3707    .constdata          system.o
    0x08004264   0x08004264   0x00000020   Data   RO         4152    Region$$Table       anon$$obj.o


    Execution Region RW_IRAM1 (Exec base: 0x20000000, Load base: 0x08004284, Size: 0x000008e8, Max: 0x00005000, ABSOLUTE)

    Exec Addr    Load Addr    Size         Type   Attr      Idx    E Section Name        Object

    0x20000000   0x08004284   0x00000008   Data   RW         3633    .data               hx711.o
    0x20000008   0x0800428c   0x00000012   Data   RW         3708    .data               system.o
    0x2000001a   0x0800429e   0x00000004   Data   RW         3769    .data               systick.o
    0x2000001e   0x080042a2   0x00000002   Data   RW         3799    .data               usart.o
    0x20000020        -       0x00000400   Zero   RW         3432    .bss                oled.o
    0x20000420        -       0x000000c8   Zero   RW         3798    .bss                usart.o
    0x200004e8        -       0x00000400   Zero   RW            1    STACK               startup_stm32f10x_md.o


==============================================================================

Image component sizes


      Code (inc. data)   RO Data    RW Data    ZI Data      Debug   Object Name

       310         32          0          0          0       3035   buzzer.o
         0          0          0          0          0       4556   core_cm3.o
       474         50          0          8          0       4370   hx711.o
       752         16          0          0          0       4036   key.o
        18          0          0          0          0       1803   main.o
        60         10          0          0          0     202673   misc.o
      1396         90       6720          0       1024      11130   oled.o
        36          8        236          0       1024        808   startup_stm32f10x_md.o
       304          0          0          0          0      11784   stm32f10x_gpio.o
        26          0          0          0          0       3730   stm32f10x_it.o
        64         12          0          0          0       1074   stm32f10x_rcc.o
       348         52          0          0          0      22607   stm32f10x_tim.o
        94          0          0          0          0       8620   stm32f10x_usart.o
      1110        196          4         18          0       5099   system.o
       328         28          0          0          0      30473   system_stm32f10x.o
       212         16          0          4          0       1669   systick.o
       136         14          0          2        200       1054   usart.o

    ----------------------------------------------------------------------
      5688        524       6992         32       2248     318521   Object Totals
         0          0         32          0          0          0   (incl. Generated)
        20          0          0          0          0          0   (incl. Padding)

    ----------------------------------------------------------------------

      Code (inc. data)   RO Data    RW Data    ZI Data      Debug   Library Member Name

         0          0          0          0          0          0   entry.o
         0          0          0          0          0          0   entry10a.o
         0          0          0          0          0          0   entry11a.o
         4          0          0          0          0          0   entry12b.o
         8          4          0          0          0          0   entry2.o
         4          0          0          0          0          0   entry5.o
         0          0          0          0          0          0   entry7b.o
         0          0          0          0          0          0   entry8b.o
         8          4          0          0          0          0   entry9a.o
        30          0          0          0          0          0   handlers.o
        36          8          0          0          0         68   init.o
         0          0          0          0          0          0   iusefp.o
        98          0          0          0          0         84   ldiv.o
        30          0          0          0          0         68   llshl.o
        36          0          0          0          0         68   llsshr.o
        32          0          0          0          0         68   llushr.o
      2236         86          0          0          0        532   printfa.o
        44          0          0          0          0         80   uidiv.o
        98          0          0          0          0         92   uldiv.o
        48          0          0          0          0         68   cdrcmple.o
        20          0          0          0          0         68   cfcmple.o
        20          0          0          0          0         68   cfrcmple.o
       334          0          0          0          0        148   dadd.o
       222          0          0          0          0        100   ddiv.o
       186          0          0          0          0        176   depilogue.o
        48          0          0          0          0         68   dfixul.o
       228          0          0          0          0         96   dmul.o
        38          0          0          0          0         68   f2d.o
       176          0          0          0          0        140   fadd.o
       124          0          0          0          0         88   fdiv.o
       110          0          0          0          0        168   fepilogue.o
        18          0          0          0          0         68   fflti.o
        10          0          0          0          0         68   ffltui.o
       100          0          0          0          0         76   fmul.o

    ----------------------------------------------------------------------
      4348        102          0          0          0       2528   Library Totals
         2          0          0          0          0          0   (incl. Padding)

    ----------------------------------------------------------------------

      Code (inc. data)   RO Data    RW Data    ZI Data      Debug   Library Name

      2664        102          0          0          0       1060   mc_w.l
      1682          0          0          0          0       1468   mf_w.l

    ----------------------------------------------------------------------
      4348        102          0          0          0       2528   Library Totals

    ----------------------------------------------------------------------

==============================================================================


      Code (inc. data)   RO Data    RW Data    ZI Data      Debug   

     10036        626       6992         32       2248     316157   Grand Totals
     10036        626       6992         32       2248     316157   ELF Image Totals
     10036        626       6992         32          0          0   ROM Totals

==============================================================================

    Total RO  Size (Code + RO Data)                17028 (  16.63kB)
    Total RW  Size (RW Data + ZI Data)              2280 (   2.23kB)
    Total ROM Size (Code + RO Data + RW Data)      17060 (  16.66kB)

==============================================================================

