<html>
<body>
<pre>
<h1>礦ision Build Log</h1>
<h2>Tool Versions:</h2>
IDE-Version: μVision V5.43.1.0
Copyright (C) 2025 ARM Ltd and ARM Germany GmbH. All rights reserved.
License Information: 1 1, 11, LIC=X96CK-ZUGFA-ARZXW-QGVYJ-F28W5-58LTZ
 
Tool Versions:
Toolchain:       MDK-ARM Plus  Version: 5.43.0.0
Toolchain Path:  K:\yangs\Embedded\Arm\Keil\Keil_IDE\ARM\ARMCC\Bin
C Compiler:      Armcc.exe V5.06 update 7 (build 960)
Assembler:       Armasm.exe V5.06 update 7 (build 960)
Linker/Locator:  ArmLink.exe V5.06 update 7 (build 960)
Library Manager: ArmAr.exe V5.06 update 7 (build 960)
Hex Converter:   FromElf.exe V5.06 update 7 (build 960)
CPU DLL:         SARMCM3.DLL V5.43.0.0
Dialog DLL:      DCM.DLL V1.17.5.0
Target DLL:      STLink\ST-LINKIII-KEIL_SWO.dll V3.3.1.0
Dialog DLL:      TCM.DLL V1.56.6.0
 
<h2>Project:</h2>
C:\Users\yangs\Desktop\外包项目\压力传感器\Force\Project.uvprojx
Project File Date:  11/29/2025

<h2>Output:</h2>
*** Using Compiler 'V5.06 update 7 (build 960)', folder: 'K:\yangs\Embedded\Arm\Keil\Keil_IDE\ARM\ARMCC\Bin'
Rebuild target 'Target 1'
compiling system_stm32f10x.c...
assembling startup_stm32f10x_md.s...
compiling stm32f10x_exti.c...
compiling core_cm3.c...
compiling stm32f10x_bkp.c...
compiling stm32f10x_crc.c...
compiling stm32f10x_dma.c...
compiling stm32f10x_dac.c...
compiling stm32f10x_dbgmcu.c...
compiling misc.c...
compiling stm32f10x_cec.c...
compiling stm32f10x_adc.c...
compiling stm32f10x_can.c...
compiling stm32f10x_flash.c...
compiling stm32f10x_fsmc.c...
compiling stm32f10x_gpio.c...
compiling stm32f10x_iwdg.c...
compiling stm32f10x_i2c.c...
compiling stm32f10x_pwr.c...
compiling stm32f10x_rcc.c...
compiling stm32f10x_rtc.c...
compiling stm32f10x_sdio.c...
compiling stm32f10x_spi.c...
compiling stm32f10x_usart.c...
compiling stm32f10x_wwdg.c...
compiling stm32f10x_it.c...
compiling stm32f10x_tim.c...
compiling main.c...
compiling Buzzer.c...
compiling Key.c...
compiling LED.c...
compiling oled.c...
compiling LCD.c...
compiling HX711.c...
compiling SysTick.c...
compiling system.c...
APP\system.c(183): warning:  #167-D: argument of type "u8 *" is incompatible with parameter of type "const char *"
      OLED_ShowString_RC(2, 1, (u8 *)"W:      g");
APP\system.c(184): warning:  #167-D: argument of type "u8 *" is incompatible with parameter of type "const char *"
      OLED_ShowString_RC(3, 1, (u8 *)"T:     g");
APP\system.c(221): warning:  #167-D: argument of type "u8 *" is incompatible with parameter of type "const char *"
          OLED_ShowString_RC(2, 3, (u8 *)num_buf);
APP\system.c(234): warning:  #167-D: argument of type "u8 *" is incompatible with parameter of type "const char *"
          OLED_ShowString_RC(3, 1, (u8 *)label);
APP\system.c(235): warning:  #167-D: argument of type "u8 *" is incompatible with parameter of type "const char *"
          OLED_ShowString_RC(3, 3, (u8 *)thr_buf);
APP\system.c: 5 warnings, 0 errors
compiling usart.c...
linking...
Program Size: Code=10036 RO-data=6992 RW-data=32 ZI-data=2248  
FromELF: creating hex file...
".\Objects\Project.axf" - 0 Error(s), 5 Warning(s).

<h2>Software Packages used:</h2>

Package Vendor: Keil
                https://www.keil.com/pack/Keil.STM32F1xx_DFP.2.4.1.pack
                Keil::STM32F1xx_DFP@2.4.1
                STMicroelectronics STM32F1 Series Device Support, Drivers and Examples

<h2>Collection of Component include folders:</h2>
  K:/yangs/Embedded/Arm/Keil/Pack/Keil/STM32F1xx_DFP/2.4.1/Device/Include

<h2>Collection of Component Files used:</h2>
Build Time Elapsed:  00:00:01
</pre>
</body>
</html>
